###############################################################################
#
# IAR ELF Linker V8.32.3.193/W32 for ARM                  26/Jun/2019  17:07:59
# Copyright 2007-2019 IAR Systems AB.
#
#    Output file  =  
#        C:\Development\gzkc_smart_nbiot\flexspi_nor_debug\smart_wm_mk3080.out
#    Map file     =  
#        C:\Development\gzkc_smart_nbiot\flexspi_nor_debug\list\smart_wm_mk3080.map
#    Command line =  
#        -f C:\Users\nxf42695\AppData\Local\Temp\2\EWBD35.tmp
#        (C:\Development\gzkc_smart_nbiot\flexspi_nor_debug\obj\aes.o
#        C:\Development\gzkc_smart_nbiot\flexspi_nor_debug\obj\aes_alt.o
#        C:\Development\gzkc_smart_nbiot\flexspi_nor_debug\obj\aesni.o
#        C:\Development\gzkc_smart_nbiot\flexspi_nor_debug\obj\arc4.o
#        C:\Development\gzkc_smart_nbiot\flexspi_nor_debug\obj\aria.o
#        C:\Development\gzkc_smart_nbiot\flexspi_nor_debug\obj\asn1parse.o
#        C:\Development\gzkc_smart_nbiot\flexspi_nor_debug\obj\asn1write.o
#        C:\Development\gzkc_smart_nbiot\flexspi_nor_debug\obj\at_api.o
#        C:\Development\gzkc_smart_nbiot\flexspi_nor_debug\obj\at_conn_mbox.o
#        C:\Development\gzkc_smart_nbiot\flexspi_nor_debug\obj\at_conn_mgmt.o
#        C:\Development\gzkc_smart_nbiot\flexspi_nor_debug\obj\at_parser.o
#        C:\Development\gzkc_smart_nbiot\flexspi_nor_debug\obj\at_tcp.o
#        C:\Development\gzkc_smart_nbiot\flexspi_nor_debug\obj\base64.o
#        C:\Development\gzkc_smart_nbiot\flexspi_nor_debug\obj\bignum.o
#        C:\Development\gzkc_smart_nbiot\flexspi_nor_debug\obj\blowfish.o
#        C:\Development\gzkc_smart_nbiot\flexspi_nor_debug\obj\board.o
#        C:\Development\gzkc_smart_nbiot\flexspi_nor_debug\obj\camellia.o
#        C:\Development\gzkc_smart_nbiot\flexspi_nor_debug\obj\ccm.o
#        C:\Development\gzkc_smart_nbiot\flexspi_nor_debug\obj\certs.o
#        C:\Development\gzkc_smart_nbiot\flexspi_nor_debug\obj\chacha20.o
#        C:\Development\gzkc_smart_nbiot\flexspi_nor_debug\obj\chachapoly.o
#        C:\Development\gzkc_smart_nbiot\flexspi_nor_debug\obj\cipher.o
#        C:\Development\gzkc_smart_nbiot\flexspi_nor_debug\obj\cipher_wrap.o
#        C:\Development\gzkc_smart_nbiot\flexspi_nor_debug\obj\cJSON.o
#        C:\Development\gzkc_smart_nbiot\flexspi_nor_debug\obj\clock_config.o
#        C:\Development\gzkc_smart_nbiot\flexspi_nor_debug\obj\cmac.o
#        C:\Development\gzkc_smart_nbiot\flexspi_nor_debug\obj\csdk.o
#        C:\Development\gzkc_smart_nbiot\flexspi_nor_debug\obj\ctr_drbg.o
#        C:\Development\gzkc_smart_nbiot\flexspi_nor_debug\obj\debug.o
#        C:\Development\gzkc_smart_nbiot\flexspi_nor_debug\obj\des.o
#        C:\Development\gzkc_smart_nbiot\flexspi_nor_debug\obj\des_alt.o
#        C:\Development\gzkc_smart_nbiot\flexspi_nor_debug\obj\dev_sign_example.o
#        C:\Development\gzkc_smart_nbiot\flexspi_nor_debug\obj\dev_sign_mqtt.o
#        C:\Development\gzkc_smart_nbiot\flexspi_nor_debug\obj\dhm.o
#        C:\Development\gzkc_smart_nbiot\flexspi_nor_debug\obj\dm_api.o
#        C:\Development\gzkc_smart_nbiot\flexspi_nor_debug\obj\dm_client.o
#        C:\Development\gzkc_smart_nbiot\flexspi_nor_debug\obj\dm_client_adapter.o
#        C:\Development\gzkc_smart_nbiot\flexspi_nor_debug\obj\dm_cota.o
#        C:\Development\gzkc_smart_nbiot\flexspi_nor_debug\obj\dm_fota.o
#        C:\Development\gzkc_smart_nbiot\flexspi_nor_debug\obj\dm_ipc.o
#        C:\Development\gzkc_smart_nbiot\flexspi_nor_debug\obj\dm_log_report.o
#        C:\Development\gzkc_smart_nbiot\flexspi_nor_debug\obj\dm_manager.o
#        C:\Development\gzkc_smart_nbiot\flexspi_nor_debug\obj\dm_message.o
#        C:\Development\gzkc_smart_nbiot\flexspi_nor_debug\obj\dm_message_cache.o
#        C:\Development\gzkc_smart_nbiot\flexspi_nor_debug\obj\dm_msg_process.o
#        C:\Development\gzkc_smart_nbiot\flexspi_nor_debug\obj\dm_opt.o
#        C:\Development\gzkc_smart_nbiot\flexspi_nor_debug\obj\dm_ota.o
#        C:\Development\gzkc_smart_nbiot\flexspi_nor_debug\obj\dm_server.o
#        C:\Development\gzkc_smart_nbiot\flexspi_nor_debug\obj\dm_server_adapter.o
#        C:\Development\gzkc_smart_nbiot\flexspi_nor_debug\obj\dm_shadow.o
#        C:\Development\gzkc_smart_nbiot\flexspi_nor_debug\obj\dm_tsl_alink.o
#        C:\Development\gzkc_smart_nbiot\flexspi_nor_debug\obj\dm_utils.o
#        C:\Development\gzkc_smart_nbiot\flexspi_nor_debug\obj\ecdh.o
#        C:\Development\gzkc_smart_nbiot\flexspi_nor_debug\obj\ecdsa.o
#        C:\Development\gzkc_smart_nbiot\flexspi_nor_debug\obj\ecjpake.o
#        C:\Development\gzkc_smart_nbiot\flexspi_nor_debug\obj\ecp.o
#        C:\Development\gzkc_smart_nbiot\flexspi_nor_debug\obj\ecp_alt.o
#        C:\Development\gzkc_smart_nbiot\flexspi_nor_debug\obj\ecp_alt_ksdk.o
#        C:\Development\gzkc_smart_nbiot\flexspi_nor_debug\obj\ecp_curves.o
#        C:\Development\gzkc_smart_nbiot\flexspi_nor_debug\obj\ecp_curves_alt.o
#        C:\Development\gzkc_smart_nbiot\flexspi_nor_debug\obj\entropy.o
#        C:\Development\gzkc_smart_nbiot\flexspi_nor_debug\obj\entropy_poll.o
#        C:\Development\gzkc_smart_nbiot\flexspi_nor_debug\obj\error.o
#        C:\Development\gzkc_smart_nbiot\flexspi_nor_debug\obj\event_groups.o
#        C:\Development\gzkc_smart_nbiot\flexspi_nor_debug\obj\evkbimxrt1050_flexspi_nor_config.o
#        C:\Development\gzkc_smart_nbiot\flexspi_nor_debug\obj\evkbimxrt1050_sdram_ini_dcd.o
#        C:\Development\gzkc_smart_nbiot\flexspi_nor_debug\obj\flexspi_hyper_flash_ops.o
#        C:\Development\gzkc_smart_nbiot\flexspi_nor_debug\obj\fsl_assert.o
#        C:\Development\gzkc_smart_nbiot\flexspi_nor_debug\obj\fsl_cache.o
#        C:\Development\gzkc_smart_nbiot\flexspi_nor_debug\obj\fsl_clock.o
#        C:\Development\gzkc_smart_nbiot\flexspi_nor_debug\obj\fsl_common.o
#        C:\Development\gzkc_smart_nbiot\flexspi_nor_debug\obj\fsl_dcp.o
#        C:\Development\gzkc_smart_nbiot\flexspi_nor_debug\obj\fsl_debug_console.o
#        C:\Development\gzkc_smart_nbiot\flexspi_nor_debug\obj\fsl_flexspi.o
#        C:\Development\gzkc_smart_nbiot\flexspi_nor_debug\obj\fsl_flexspi_nor_boot.o
#        C:\Development\gzkc_smart_nbiot\flexspi_nor_debug\obj\fsl_gpio.o
#        C:\Development\gzkc_smart_nbiot\flexspi_nor_debug\obj\fsl_lpuart.o
#        C:\Development\gzkc_smart_nbiot\flexspi_nor_debug\obj\fsl_lpuart_freertos.o
#        C:\Development\gzkc_smart_nbiot\flexspi_nor_debug\obj\fsl_str.o
#        C:\Development\gzkc_smart_nbiot\flexspi_nor_debug\obj\fsl_trng.o
#        C:\Development\gzkc_smart_nbiot\flexspi_nor_debug\obj\fsl_usdhc.o
#        C:\Development\gzkc_smart_nbiot\flexspi_nor_debug\obj\gcm.o
#        C:\Development\gzkc_smart_nbiot\flexspi_nor_debug\obj\generic_list.o
#        C:\Development\gzkc_smart_nbiot\flexspi_nor_debug\obj\HAL_DTLS_mbedtls.o
#        C:\Development\gzkc_smart_nbiot\flexspi_nor_debug\obj\HAL_TLS_mbedtls.o
#        C:\Development\gzkc_smart_nbiot\flexspi_nor_debug\obj\havege.o
#        C:\Development\gzkc_smart_nbiot\flexspi_nor_debug\obj\heap_4.o
#        C:\Development\gzkc_smart_nbiot\flexspi_nor_debug\obj\hkdf.o
#        C:\Development\gzkc_smart_nbiot\flexspi_nor_debug\obj\hmac_drbg.o
#        C:\Development\gzkc_smart_nbiot\flexspi_nor_debug\obj\impl_gateway.o
#        C:\Development\gzkc_smart_nbiot\flexspi_nor_debug\obj\impl_linkkit.o
#        C:\Development\gzkc_smart_nbiot\flexspi_nor_debug\obj\impl_ntp.o
#        C:\Development\gzkc_smart_nbiot\flexspi_nor_debug\obj\impl_solo.o
#        C:\Development\gzkc_smart_nbiot\flexspi_nor_debug\obj\infra_cjson.o
#        C:\Development\gzkc_smart_nbiot\flexspi_nor_debug\obj\infra_compat.o
#        C:\Development\gzkc_smart_nbiot\flexspi_nor_debug\obj\infra_defs.o
#        C:\Development\gzkc_smart_nbiot\flexspi_nor_debug\obj\infra_log.o
#        C:\Development\gzkc_smart_nbiot\flexspi_nor_debug\obj\infra_net.o
#        C:\Development\gzkc_smart_nbiot\flexspi_nor_debug\obj\infra_prt_nwk_payload.o
#        C:\Development\gzkc_smart_nbiot\flexspi_nor_debug\obj\infra_report.o
#        C:\Development\gzkc_smart_nbiot\flexspi_nor_debug\obj\infra_sha256.o
#        C:\Development\gzkc_smart_nbiot\flexspi_nor_debug\obj\infra_string.o
#        C:\Development\gzkc_smart_nbiot\flexspi_nor_debug\obj\infra_timer.o
#        C:\Development\gzkc_smart_nbiot\flexspi_nor_debug\obj\iotx_cm.o
#        C:\Development\gzkc_smart_nbiot\flexspi_nor_debug\obj\iotx_cm_coap.o
#        C:\Development\gzkc_smart_nbiot\flexspi_nor_debug\obj\iotx_cm_mqtt.o
#        C:\Development\gzkc_smart_nbiot\flexspi_nor_debug\obj\iotx_mqtt_client.o
#        C:\Development\gzkc_smart_nbiot\flexspi_nor_debug\obj\ksdk_mbedtls.o
#        C:\Development\gzkc_smart_nbiot\flexspi_nor_debug\obj\kv.o
#        C:\Development\gzkc_smart_nbiot\flexspi_nor_debug\obj\kv_adapt.o
#        C:\Development\gzkc_smart_nbiot\flexspi_nor_debug\obj\kv_cli.o
#        C:\Development\gzkc_smart_nbiot\flexspi_nor_debug\obj\kv_secure.o
#        C:\Development\gzkc_smart_nbiot\flexspi_nor_debug\obj\linkkit_example_csdk.o
#        C:\Development\gzkc_smart_nbiot\flexspi_nor_debug\obj\linkkit_example_solo.o
#        C:\Development\gzkc_smart_nbiot\flexspi_nor_debug\obj\list.o
#        C:\Development\gzkc_smart_nbiot\flexspi_nor_debug\obj\log.o
#        C:\Development\gzkc_smart_nbiot\flexspi_nor_debug\obj\lpuart_adapter.o
#        C:\Development\gzkc_smart_nbiot\flexspi_nor_debug\obj\md.o
#        C:\Development\gzkc_smart_nbiot\flexspi_nor_debug\obj\md2.o
#        C:\Development\gzkc_smart_nbiot\flexspi_nor_debug\obj\md4.o
#        C:\Development\gzkc_smart_nbiot\flexspi_nor_debug\obj\md5.o
#        C:\Development\gzkc_smart_nbiot\flexspi_nor_debug\obj\md_wrap.o
#        C:\Development\gzkc_smart_nbiot\flexspi_nor_debug\obj\memory_buffer_alloc.o
#        C:\Development\gzkc_smart_nbiot\flexspi_nor_debug\obj\mqtt_api.o
#        C:\Development\gzkc_smart_nbiot\flexspi_nor_debug\obj\mqtt_example_at.o
#        C:\Development\gzkc_smart_nbiot\flexspi_nor_debug\obj\MQTTConnectClient.o
#        C:\Development\gzkc_smart_nbiot\flexspi_nor_debug\obj\MQTTDeserializePublish.o
#        C:\Development\gzkc_smart_nbiot\flexspi_nor_debug\obj\MQTTPacket.o
#        C:\Development\gzkc_smart_nbiot\flexspi_nor_debug\obj\MQTTSerializePublish.o
#        C:\Development\gzkc_smart_nbiot\flexspi_nor_debug\obj\MQTTSubscribeClient.o
#        C:\Development\gzkc_smart_nbiot\flexspi_nor_debug\obj\MQTTUnsubscribeClient.o
#        C:\Development\gzkc_smart_nbiot\flexspi_nor_debug\obj\net_sockets.o
#        C:\Development\gzkc_smart_nbiot\flexspi_nor_debug\obj\nist_kw.o
#        C:\Development\gzkc_smart_nbiot\flexspi_nor_debug\obj\oid.o
#        C:\Development\gzkc_smart_nbiot\flexspi_nor_debug\obj\padlock.o
#        C:\Development\gzkc_smart_nbiot\flexspi_nor_debug\obj\pem.o
#        C:\Development\gzkc_smart_nbiot\flexspi_nor_debug\obj\pin_mux.o
#        C:\Development\gzkc_smart_nbiot\flexspi_nor_debug\obj\pk.o
#        C:\Development\gzkc_smart_nbiot\flexspi_nor_debug\obj\pk_wrap.o
#        C:\Development\gzkc_smart_nbiot\flexspi_nor_debug\obj\pkcs11.o
#        C:\Development\gzkc_smart_nbiot\flexspi_nor_debug\obj\pkcs12.o
#        C:\Development\gzkc_smart_nbiot\flexspi_nor_debug\obj\pkcs5.o
#        C:\Development\gzkc_smart_nbiot\flexspi_nor_debug\obj\pkparse.o
#        C:\Development\gzkc_smart_nbiot\flexspi_nor_debug\obj\pkwrite.o
#        C:\Development\gzkc_smart_nbiot\flexspi_nor_debug\obj\platform.o
#        C:\Development\gzkc_smart_nbiot\flexspi_nor_debug\obj\platform_util.o
#        C:\Development\gzkc_smart_nbiot\flexspi_nor_debug\obj\poly1305.o
#        C:\Development\gzkc_smart_nbiot\flexspi_nor_debug\obj\port.o
#        C:\Development\gzkc_smart_nbiot\flexspi_nor_debug\obj\portasm.o
#        C:\Development\gzkc_smart_nbiot\flexspi_nor_debug\obj\queue.o
#        C:\Development\gzkc_smart_nbiot\flexspi_nor_debug\obj\ripemd160.o
#        C:\Development\gzkc_smart_nbiot\flexspi_nor_debug\obj\root_ca.o
#        C:\Development\gzkc_smart_nbiot\flexspi_nor_debug\obj\rsa.o
#        C:\Development\gzkc_smart_nbiot\flexspi_nor_debug\obj\rsa_internal.o
#        C:\Development\gzkc_smart_nbiot\flexspi_nor_debug\obj\serial_manager.o
#        C:\Development\gzkc_smart_nbiot\flexspi_nor_debug\obj\serial_port_uart.o
#        C:\Development\gzkc_smart_nbiot\flexspi_nor_debug\obj\sha1.o
#        C:\Development\gzkc_smart_nbiot\flexspi_nor_debug\obj\sha256.o
#        C:\Development\gzkc_smart_nbiot\flexspi_nor_debug\obj\sha512.o
#        C:\Development\gzkc_smart_nbiot\flexspi_nor_debug\obj\sim800.o
#        C:\Development\gzkc_smart_nbiot\flexspi_nor_debug\obj\ssl_cache.o
#        C:\Development\gzkc_smart_nbiot\flexspi_nor_debug\obj\ssl_ciphersuites.o
#        C:\Development\gzkc_smart_nbiot\flexspi_nor_debug\obj\ssl_cli.o
#        C:\Development\gzkc_smart_nbiot\flexspi_nor_debug\obj\ssl_cookie.o
#        C:\Development\gzkc_smart_nbiot\flexspi_nor_debug\obj\ssl_srv.o
#        C:\Development\gzkc_smart_nbiot\flexspi_nor_debug\obj\ssl_ticket.o
#        C:\Development\gzkc_smart_nbiot\flexspi_nor_debug\obj\ssl_tls.o
#        C:\Development\gzkc_smart_nbiot\flexspi_nor_debug\obj\startup_MIMXRT1052.o
#        C:\Development\gzkc_smart_nbiot\flexspi_nor_debug\obj\stream_buffer.o
#        C:\Development\gzkc_smart_nbiot\flexspi_nor_debug\obj\system_MIMXRT1052.o
#        C:\Development\gzkc_smart_nbiot\flexspi_nor_debug\obj\tasks.o
#        C:\Development\gzkc_smart_nbiot\flexspi_nor_debug\obj\threading.o
#        C:\Development\gzkc_smart_nbiot\flexspi_nor_debug\obj\timers.o
#        C:\Development\gzkc_smart_nbiot\flexspi_nor_debug\obj\timing.o
#        C:\Development\gzkc_smart_nbiot\flexspi_nor_debug\obj\version.o
#        C:\Development\gzkc_smart_nbiot\flexspi_nor_debug\obj\version_features.o
#        C:\Development\gzkc_smart_nbiot\flexspi_nor_debug\obj\wrapper.o
#        C:\Development\gzkc_smart_nbiot\flexspi_nor_debug\obj\x509.o
#        C:\Development\gzkc_smart_nbiot\flexspi_nor_debug\obj\x509_create.o
#        C:\Development\gzkc_smart_nbiot\flexspi_nor_debug\obj\x509_crl.o
#        C:\Development\gzkc_smart_nbiot\flexspi_nor_debug\obj\x509_crt.o
#        C:\Development\gzkc_smart_nbiot\flexspi_nor_debug\obj\x509_csr.o
#        C:\Development\gzkc_smart_nbiot\flexspi_nor_debug\obj\x509write_crt.o
#        C:\Development\gzkc_smart_nbiot\flexspi_nor_debug\obj\x509write_csr.o
#        C:\Development\gzkc_smart_nbiot\flexspi_nor_debug\obj\xtea.o
#        --redirect _Printf=_PrintfSmallNoMb --redirect _Scanf=_ScanfSmallNoMb
#        --no_out_extension -o
#        C:\Development\gzkc_smart_nbiot\flexspi_nor_debug\smart_wm_mk3080.out
#        --map
#        C:\Development\gzkc_smart_nbiot\flexspi_nor_debug\list\smart_wm_mk3080.map
#        --config
#        C:\Development\gzkc_smart_nbiot/MIMXRT1052xxxxx_flexspi_nor.icf
#        --semihosting --entry __iar_program_start --vfe --text_out locale)
#
###############################################################################

*******************************************************************************
*** RUNTIME MODEL ATTRIBUTES
***

CppFlavor       = *
__Heap_Handler  = DLMalloc
__SystemLibrary = DLib
__dlib_version  = 6


*******************************************************************************
*** HEAP SELECTION
***

The advanced heap was selected because the application calls memory
allocation functions outside of system library functions, and there
are calls to deallocation functions in the application.


*******************************************************************************
*** PLACEMENT SUMMARY
***

"A0":  place at 0x6000'2000 { ro section .intvec };
"A1":  place at 0x6000'0000 { section .boot_hdr.conf };
"A2":  place at 0x6000'1000 { section .boot_hdr.ivt };
"A3":  place at 0x6000'1020 { ro section .boot_hdr.boot_data };
"P1":  place in [from 0x6000'2000 to 0x6000'23ff] |
                [from 0x6000'2400 to 0x63bf'ffff] { ro };
define block RW { rw };
"P2":  place in [from 0x2000'0000 to 0x2001'efff] { block RW };
define block ZI { zi };
"P3":  place in [from 0x2000'0000 to 0x2001'efff] { block ZI };
define block NCACHE_VAR { section NonCacheable, section NonCacheable.init };
"P5":  place in [from 0x2000'0000 to 0x2001'efff] { block NCACHE_VAR };
define block HEAP with size = 4K, alignment = 8 { };
"P4":  place in [from 0x2000'0000 to 0x2001'efff] { last block HEAP };
define block CSTACK with size = 4K, alignment = 8 { };
"P6":  place in [from 0x2001'f000 to 0x2001'ffff] { block CSTACK };
initialize by copy {
   rw, object flexspi_hyper_flash_ops.o, object fsl_flexspi.o,
   section .textrw };
keep {
   section .boot_hdr.conf, section .boot_hdr.ivt, section .boot_hdr.boot_data,
   section .boot_hdr.dcd_data };

No sections matched the following patterns:

  ro section .boot_hdr.dcd_data  in "A4"
  section NonCacheable           in block NCACHE_VAR
  section NonCacheable.init      in block NCACHE_VAR


  Section              Kind         Address     Size  Object
  -------              ----         -------     ----  ------
"P2-P3|P5", part 1 of 2:                       0xe46
  RW                            0x2000'0000    0xe46  <Block>
    RW-1                        0x2000'0000    0xe46  <Init block>
      .rodata          inited   0x2000'0000     0x34  flexspi_hyper_flash_ops.o [1]
      .rodata          inited   0x2000'0034      0xc  flexspi_hyper_flash_ops.o [1]
      .rodata          inited   0x2000'0040      0xc  fsl_flexspi.o [1]
      .rodata          inited   0x2000'004c     0x34  fsl_flexspi.o [1]
      .rodata          inited   0x2000'0080     0x44  fsl_flexspi.o [1]
      .rodata          inited   0x2000'00c4     0x38  fsl_flexspi.o [1]
      .rodata          inited   0x2000'00fc      0xc  fsl_flexspi.o [1]
      Veneer           inited   0x2000'0108      0x8  - Linker created -
      .text            inited   0x2000'0110    0x284  flexspi_hyper_flash_ops.o [1]
      Veneer           inited   0x2000'0394      0x8  - Linker created -
      .text            inited   0x2000'039c    0x6f0  fsl_flexspi.o [1]
      .data            inited   0x2000'0a8c      0xc  cJSON.o [1]
      .data            inited   0x2000'0a98     0x38  dev_sign_mqtt.o [1]
      .data            inited   0x2000'0ad0     0xb0  dm_client.o [1]
      .data            inited   0x2000'0b80      0x4  dm_log_report.o [1]
      .data            inited   0x2000'0b84      0x4  dm_log_report.o [1]
      .data            inited   0x2000'0b88     0x14  dm_opt.o [1]
      .data            inited   0x2000'0b9c      0x4  ecp_curves_alt.o [1]
      .data            inited   0x2000'0ba0     0x20  flexspi_hyper_flash_ops.o [1]
      .data            inited   0x2000'0bc0    0x100  flexspi_hyper_flash_ops.o [1]
      .data            inited   0x2000'0cc0      0x8  HAL_TLS_mbedtls.o [1]
      .data            inited   0x2000'0cc8     0x88  infra_compat.o [1]
      .data            inited   0x2000'0d50     0x18  infra_defs.o [1]
      .data            inited   0x2000'0d68     0x18  infra_defs.o [1]
      .data            inited   0x2000'0d80     0x1c  infra_prt_nwk_payload.o [1]
      .data            inited   0x2000'0d9c      0x4  infra_report.o [1]
      .data            inited   0x2000'0da0      0x4  platform.o [1]
      .data            inited   0x2000'0da4      0x4  platform.o [1]
      .data            inited   0x2000'0da8      0x4  platform_util.o [1]
      .data            inited   0x2000'0dac      0x4  port.o [1]
      .data            inited   0x2000'0db0      0x4  root_ca.o [1]
      .data            inited   0x2000'0db4     0x18  ssl_tls.o [1]
      .data            inited   0x2000'0dcc      0xc  ssl_tls.o [1]
      .data            inited   0x2000'0dd8      0xc  ssl_tls.o [1]
      .data            inited   0x2000'0de4      0x4  ssl_tls.o [1]
      .data            inited   0x2000'0de8      0x4  system_MIMXRT1052.o [1]
      .data            inited   0x2000'0dec     0x18  wrapper.o [1]
      .data            inited   0x2000'0e04     0x38  xlocale_c.o [2]
      .data            inited   0x2000'0e3c      0x8  rand.o [2]
      .rodata          inited   0x2000'0e44      0x2  fsl_flexspi.o [1]
                              - 0x2000'0e46    0xe46

"P2-P3|P5", part 2 of 2:                     0x156d0
  ZI                            0x2000'0e48  0x156d0  <Block>
    .bss               zero     0x2000'0e48      0x8  linkkit_example_csdk.o [1]
    .bss               zero     0x2000'0e50     0xa8  at_conn_mgmt.o [1]
    .bss               zero     0x2000'0ef8      0x4  at_conn_mgmt.o [1]
    .bss               zero     0x2000'0efc      0x4  at_conn_mgmt.o [1]
    .bss               zero     0x2000'0f00     0x14  at_parser.o [1]
    .bss               zero     0x2000'0f14     0xc8  at_parser.o [1]
    .bss               zero     0x2000'0fdc    0x200  at_parser.o [1]
    .bss               zero     0x2000'11dc      0x8  cJSON.o [1]
    .bss               zero     0x2000'11e4      0x4  debug.o [1]
    .bss               zero     0x2000'11e8     0x10  dm_api.o [1]
    .bss               zero     0x2000'11f8      0xc  dm_client_adapter.o [1]
    .bss               zero     0x2000'1204     0x14  dm_ipc.o [1]
    .bss               zero     0x2000'1218      0x4  dm_log_report.o [1]
    .bss               zero     0x2000'121c      0x4  dm_log_report.o [1]
    .bss               zero     0x2000'1220      0x4  dm_log_report.o [1]
    .bss               zero     0x2000'1224     0x40  dm_log_report.o [1]
    .bss               zero     0x2000'1264      0x4  dm_log_report.o [1]
    .bss               zero     0x2000'1268     0x10  dm_manager.o [1]
    .bss               zero     0x2000'1278      0x4  dm_manager.o [1]
    .bss               zero     0x2000'127c      0x4  dm_message.o [1]
    .bss               zero     0x2000'1280     0x10  dm_message_cache.o [1]
    .bss               zero     0x2000'1290      0x4  ecp_alt.o [1]
    .bss               zero     0x2000'1294      0x4  ecp_alt.o [1]
    .bss               zero     0x2000'1298      0x4  ecp_alt.o [1]
    .bss               zero     0x2000'129c      0x4  ecp_alt.o [1]
    .bss               zero     0x2000'12a0      0x4  fsl_clock.o [1]
    .bss               zero     0x2000'12a4      0x4  fsl_clock.o [1]
    .bss               zero     0x2000'12a8     0x1c  fsl_debug_console.o [1]
    .bss               zero     0x2000'12c4      0x4  fsl_debug_console.o [1]
    .bss               zero     0x2000'12c8     0x24  fsl_lpuart.o [1]
    .bss               zero     0x2000'12ec      0x4  fsl_lpuart.o [1]
    .bss               zero     0x2000'12f0      0xc  fsl_usdhc.o [1]
    .bss               zero     0x2000'12fc      0x4  fsl_usdhc.o [1]
    .bss               zero     0x2000'1300      0x4  HAL_TLS_mbedtls.o [1]
    .bss               zero     0x2000'1304      0x4  HAL_TLS_mbedtls.o [1]
    .bss               zero     0x2000'1308      0x4  HAL_TLS_mbedtls.o [1]
    .bss               zero     0x2000'130c  0x14000  heap_4.o [1]
    .bss               zero     0x2001'530c      0x8  heap_4.o [1]
    .bss               zero     0x2001'5314      0x4  heap_4.o [1]
    .bss               zero     0x2001'5318      0x4  heap_4.o [1]
    .bss               zero     0x2001'531c      0x4  heap_4.o [1]
    .bss               zero     0x2001'5320      0x4  heap_4.o [1]
    .bss               zero     0x2001'5324     0x18  impl_linkkit.o [1]
    .bss               zero     0x2001'533c      0x4  impl_linkkit.o [1]
    .bss               zero     0x2001'5340     0x10  infra_compat.o [1]
    .bss               zero     0x2001'5350     0x18  infra_compat.o [1]
    .bss               zero     0x2001'5368      0x4  infra_compat.o [1]
    .bss               zero     0x2001'536c      0x4  infra_report.o [1]
    .bss               zero     0x2001'5370      0x4  infra_report.o [1]
    .bss               zero     0x2001'5374      0x4  infra_string.o [1]
    .bss               zero     0x2001'5378      0x4  infra_string.o [1]
    .bss               zero     0x2001'537c      0x4  iotx_cm.o [1]
    .bss               zero     0x2001'5380      0xc  iotx_cm.o [1]
    .bss               zero     0x2001'538c      0x4  iotx_cm.o [1]
    .bss               zero     0x2001'5390      0x4  iotx_cm_mqtt.o [1]
    .bss               zero     0x2001'5394      0x4  iotx_mqtt_client.o [1]
    .bss               zero     0x2001'5398     0x90  kv.o [1]
    .bss               zero     0x2001'5428      0x4  kv_adapt.o [1]
    .bss               zero     0x2001'542c    0x200  kv_adapt.o [1]
    .bss               zero     0x2001'562c      0xc  linkkit_example_csdk.o [1]
    .bss               zero     0x2001'5638      0x4  linkkit_example_csdk.o [1]
    .bss               zero     0x2001'563c      0x4  linkkit_example_csdk.o [1]
    .bss               zero     0x2001'5640      0x4  linkkit_example_csdk.o [1]
    .bss               zero     0x2001'5644      0x4  log.o [1]
    .bss               zero     0x2001'5648      0x4  log.o [1]
    .bss               zero     0x2001'564c    0x200  log.o [1]
    .bss               zero     0x2001'584c    0x100  log.o [1]
    .bss               zero     0x2001'594c      0x4  mqtt_api.o [1]
    .bss               zero     0x2001'5950    0x18c  mqtt_api.o [1]
    .bss               zero     0x2001'5adc     0x10  mqtt_api.o [1]
    .bss               zero     0x2001'5aec      0x4  MQTTPacket.o [1]
    .bss               zero     0x2001'5af0      0x4  port.o [1]
    .bss               zero     0x2001'5af4     0x40  queue.o [1]
    .bss               zero     0x2001'5b34     0x48  sim800.o [1]
    .bss               zero     0x2001'5b7c      0x4  sim800.o [1]
    .bss               zero     0x2001'5b80      0x4  sim800.o [1]
    .bss               zero     0x2001'5b84      0x4  sim800.o [1]
    .bss               zero     0x2001'5b88     0x80  sim800.o [1]
    .bss               zero     0x2001'5c08     0x80  sim800.o [1]
    .bss               zero     0x2001'5c88     0x80  sim800.o [1]
    .bss               zero     0x2001'5d08     0x40  sim800.o [1]
    .bss               zero     0x2001'5d48     0x40  sim800.o [1]
    .bss               zero     0x2001'5d88    0x164  ssl_ciphersuites.o [1]
    .bss               zero     0x2001'5eec      0x4  ssl_ciphersuites.o [1]
    .bss               zero     0x2001'5ef0      0x4  tasks.o [1]
    .bss               zero     0x2001'5ef4     0x64  tasks.o [1]
    .bss               zero     0x2001'5f58     0x14  tasks.o [1]
    .bss               zero     0x2001'5f6c     0x14  tasks.o [1]
    .bss               zero     0x2001'5f80      0x4  tasks.o [1]
    .bss               zero     0x2001'5f84      0x4  tasks.o [1]
    .bss               zero     0x2001'5f88     0x14  tasks.o [1]
    .bss               zero     0x2001'5f9c     0x14  tasks.o [1]
    .bss               zero     0x2001'5fb0      0x4  tasks.o [1]
    .bss               zero     0x2001'5fb4     0x14  tasks.o [1]
    .bss               zero     0x2001'5fc8      0x4  tasks.o [1]
    .bss               zero     0x2001'5fcc      0x4  tasks.o [1]
    .bss               zero     0x2001'5fd0      0x4  tasks.o [1]
    .bss               zero     0x2001'5fd4      0x4  tasks.o [1]
    .bss               zero     0x2001'5fd8      0x4  tasks.o [1]
    .bss               zero     0x2001'5fdc      0x4  tasks.o [1]
    .bss               zero     0x2001'5fe0      0x4  tasks.o [1]
    .bss               zero     0x2001'5fe4      0x4  tasks.o [1]
    .bss               zero     0x2001'5fe8      0x4  tasks.o [1]
    .bss               zero     0x2001'5fec      0x4  tasks.o [1]
    .bss               zero     0x2001'5ff0      0x4  tasks.o [1]
    .bss               zero     0x2001'5ff4     0x14  timers.o [1]
    .bss               zero     0x2001'6008     0x14  timers.o [1]
    .bss               zero     0x2001'601c      0x4  timers.o [1]
    .bss               zero     0x2001'6020      0x4  timers.o [1]
    .bss               zero     0x2001'6024      0x4  timers.o [1]
    .bss               zero     0x2001'6028      0x4  timers.o [1]
    .bss               zero     0x2001'602c      0x4  timers.o [1]
    .bss               zero     0x2001'6030     0x28  wrapper.o [1]
    .bss               zero     0x2001'6058     0x30  wrapper.o [1]
    .bss               zero     0x2001'6088    0x200  wrapper.o [1]
    .bss               zero     0x2001'6288      0x4  wrapper.o [1]
    .bss               zero     0x2001'628c     0x84  rand.o [2]
    .bss               zero     0x2001'6310     0x18  dlmalloc.o [2]
    .bss               zero     0x2001'6328    0x1d8  dlmalloc.o [2]
    .bss               zero     0x2001'6500      0x4  xgetmemchunk.o [2]
    .bss               zero     0x2001'6504      0x4  xfail_s.o [2]
    .bss               zero     0x2001'6508      0x2  ecp_alt.o [1]
    .bss               zero     0x2001'650a      0x2  log.o [1]
    .bss               zero     0x2001'650c      0x2  log.o [1]
    .bss               zero     0x2001'650e      0x1  at_parser.o [1]
    .bss               zero     0x2001'650f      0x1  dm_log_report.o [1]
    .bss               zero     0x2001'6510      0x1  infra_compat.o [1]
    .bss               zero     0x2001'6511      0x1  log.o [1]
    .bss               zero     0x2001'6512      0x1  log.o [1]
    .bss               zero     0x2001'6513      0x1  port.o [1]
    .bss               zero     0x2001'6514      0x1  sim800.o [1]
                              - 0x2001'6518  0x156d0

"P4":                                         0x1000
  HEAP                          0x2001'6518   0x1000  <Block>
    HEAP               uninit   0x2001'6518   0x1000  <Block tail>
                              - 0x2001'7518   0x1000

"P6":                                         0x1000
  CSTACK                        0x2001'f000   0x1000  <Block>
    CSTACK             uninit   0x2001'f000   0x1000  <Block tail>
                              - 0x2002'0000   0x1000

"A1":                                          0x200
  .boot_hdr.conf       const    0x6000'0000    0x200  evkbimxrt1050_flexspi_nor_config.o [1]
                              - 0x6000'0200    0x200

"A2":                                           0x20
  .boot_hdr.ivt        const    0x6000'1000     0x20  fsl_flexspi_nor_boot.o [1]
                              - 0x6000'1020     0x20

"A3":                                           0x10
  .boot_hdr.boot_data  const    0x6000'1020     0x10  fsl_flexspi_nor_boot.o [1]
                              - 0x6000'1030     0x10

"A0":                                          0x400
  .intvec              ro code  0x6000'2000    0x400  startup_MIMXRT1052.o [1]
                              - 0x6000'2400    0x400

"P1":                                        0x4b791
  .text                ro code  0x6000'2400   0x7330  ssl_tls.o [1]
  .text                ro code  0x6000'9730    0x650  debug.o [1]
  .text                ro code  0x6000'9d80    0x2f6  md.o [1]
  .text                ro code  0x6000'a076     0x3a  zero_init3.o [4]
  .text                ro code  0x6000'a0b0     0x36  strlen.o [4]
  .text                ro code  0x6000'a0e6     0x1e  xsscin.o [2]
  .text                ro code  0x6000'a104     0xa6  ABImemcpy.o [4]
  .text                ro code  0x6000'a1aa     0x1a  xsnprout.o [2]
  .text                ro code  0x6000'a1c4     0x10  platform_util.o [1]
  .text                ro code  0x6000'a1d4    0x914  cipher.o [1]
  .text                ro code  0x6000'aae8     0xec  ssl_ciphersuites.o [1]
  .text                ro code  0x6000'abd4    0xb54  md5.o [1]
  .text                ro code  0x6000'b728   0x130c  sha1.o [1]
  .text                ro code  0x6000'ca34    0xda0  sha256.o [1]
  .text                ro code  0x6000'd7d4   0x13d6  sha512.o [1]
  .text                ro code  0x6000'ebaa      0xa  xsprout.o [2]
  .text                ro code  0x6000'ebb4     0x66  ABImemset.o [4]
  .rodata              const    0x6000'ec1a      0x2  dev_sign_mqtt.o [1]
  .text                ro code  0x6000'ec1c    0x5f0  dhm.o [1]
  .text                ro code  0x6000'f20c    0x290  ecdh.o [1]
  .text                ro code  0x6000'f49c     0x96  ABImemmove.o [4]
  .rodata              const    0x6000'f532      0x2  dev_sign_mqtt.o [1]
  .text                ro code  0x6000'f534     0x20  platform.o [1]
  .text                ro code  0x6000'f554     0x68  memcmp.o [4]
  .text                ro code  0x6000'f5bc     0x3a  ABImemset48.o [4]
  .rodata              const    0x6000'f5f6      0x2  dev_sign_mqtt.o [1]
  .text                ro code  0x6000'f5f8     0x1e  U64Shr.o [4]
  .rodata              const    0x6000'f616      0x2  oid.o [1]
  .text                ro code  0x6000'f618     0x22  I64Shl.o [4]
  .rodata              const    0x6000'f63a      0x2  oid.o [1]
  .text                ro code  0x6000'f63c   0x199c  x509_crt.o [1]
  .text                ro code  0x6001'0fd8    0x31c  pk.o [1]
  .text                ro code  0x6001'12f4   0x1d78  bignum.o [1]
  .text                ro code  0x6001'306c   0x344c  ssl_cli.o [1]
  .text                ro code  0x6001'64b8   0x3a08  ssl_srv.o [1]
  .text                ro code  0x6001'9ec0   0x1bd0  ecp_alt.o [1]
  .text                ro code  0x6001'ba90     0x3c  vsnprint.o [2]
  .text                ro code  0x6001'bacc     0x44  snprintf.o [2]
  .text                ro code  0x6001'bb10    0x6fc  gcm.o [1]
  .text                ro code  0x6001'c20c    0x464  ccm.o [1]
  .text                ro code  0x6001'c670    0x38e  asn1parse.o [1]
  .rodata              const    0x6001'c9fe      0x2  oid.o [1]
  .text                ro code  0x6001'ca00    0x974  x509.o [1]
  .text                ro code  0x6001'd374    0x390  oid.o [1]
  .text                ro code  0x6001'd704    0xe14  pkparse.o [1]
  .text                ro code  0x6001'e518     0x30  strstr.o [2]
  .text                ro code  0x6001'e548    0x5b4  pem.o [1]
  .text                ro code  0x6001'eafc   0x156c  rsa.o [1]
  .text                ro code  0x6002'0068    0x274  I64DivMod.o [4]
  .text                ro code  0x6002'02dc    0x5be  ecp_curves_alt.o [1]
  .text                ro code  0x6002'089a      0x2  startup_MIMXRT1052.o [1]
  .text                ro code  0x6002'089c    0x4d0  xprintfsmall_nomb.o [2]
  .text                ro code  0x6002'0d6c    0x3fc  pkcs12.o [1]
  .text                ro code  0x6002'1168    0x328  pkcs5.o [1]
  .text                ro code  0x6002'1490     0x16  strchr.o [4]
  .text                ro code  0x6002'14a6      0x2  startup_MIMXRT1052.o [1]
  .text                ro code  0x6002'14a8    0xc18  des.o [1]
  .text                ro code  0x6002'20c0    0xcb4  aes.o [1]
  .text                ro code  0x6002'2d74    0x148  base64.o [1]
  .text                ro code  0x6002'2ebc    0x5e4  rsa_internal.o [1]
  .text                ro code  0x6002'34a0      0x2  I64DivZer.o [4]
  .text                ro code  0x6002'34a2      0x2  startup_MIMXRT1052.o [1]
  .text                ro code  0x6002'34a4     0x40  xfail_s.o [2]
  .text                ro code  0x6002'34e4     0x58  memchr.o [4]
  .text                ro code  0x6002'353c      0x6  abort.o [2]
  .text                ro code  0x6002'3542      0x2  startup_MIMXRT1052.o [1]
  .text                ro code  0x6002'3544     0x14  exit.o [5]
  .text                ro code  0x6002'3558   0x1de8  iotx_mqtt_client.o [1]
  .text                ro code  0x6002'5340    0x272  wrapper.o [1]
  .text                ro code  0x6002'55b2     0x7e  infra_timer.o [1]
  .text                ro code  0x6002'5630     0xf8  infra_net.o [1]
  .text                ro code  0x6002'5728    0x23c  MQTTConnectClient.o [1]
  .text                ro code  0x6002'5964    0x1fe  MQTTPacket.o [1]
  .text                ro code  0x6002'5b62     0xc6  MQTTDeserializePublish.o [1]
  .text                ro code  0x6002'5c28    0x12e  MQTTSubscribeClient.o [1]
  .text                ro code  0x6002'5d56      0x2  startup_MIMXRT1052.o [1]
  .text                ro code  0x6002'5d58    0x118  MQTTSerializePublish.o [1]
  .text                ro code  0x6002'5e70    0x298  infra_prt_nwk_payload.o [1]
  .text                ro code  0x6002'6108    0x3a0  dm_log_report.o [1]
  .text                ro code  0x6002'64a8     0xc6  MQTTUnsubscribeClient.o [1]
  .text                ro code  0x6002'656e     0x28  strncmp.o [2]
  .text                ro code  0x6002'6596      0x2  startup_MIMXRT1052.o [1]
  .text                ro code  0x6002'6598     0x70  strncpy.o [4]
  .text                ro code  0x6002'6608    0x188  infra_string.o [1]
  .text                ro code  0x6002'6790    0x2d8  board.o [1]
  .text                ro code  0x6002'6a68    0x2f0  fsl_lpuart_freertos.o [1]
  .text                ro code  0x6002'6d58    0x238  heap_4.o [1]
  .text                ro code  0x6002'6f90    0x8aa  queue.o [1]
  .rodata              const    0x6002'783a      0x1  evkbimxrt1050_sdram_ini_dcd.o [1]
  .rodata              const    0x6002'783b      0x1  MQTTSerializePublish.o [1]
  .text                ro code  0x6002'783c    0xc0c  tasks.o [1]
  .text                ro code  0x6002'8448    0x7e0  HAL_TLS_mbedtls.o [1]
  .text                ro code  0x6002'8c28    0x92e  infra_cjson.o [1]
  .rodata              const    0x6002'9556      0x1  MQTTSerializePublish.o [1]
  .rodata              const    0x6002'9557      0x1  ssl_ciphersuites.o [1]
  .text                ro code  0x6002'9558    0x278  log.o [1]
  .text                ro code  0x6002'97d0    0x270  dm_utils.o [1]
  .text                ro code  0x6002'9a40    0xb64  dm_manager.o [1]
  .text                ro code  0x6002'a5a4      0x6  ABImemclr4.o [4]
  .rodata              const    0x6002'a5aa      0x1  ssl_tls.o [1]
  .text                ro code  0x6002'a5ac    0x514  dm_api.o [1]
  .text                ro code  0x6002'aac0    0x410  fsl_clock.o [1]
  .text                ro code  0x6002'aed0    0x294  event_groups.o [1]
  .text                ro code  0x6002'b164    0xb9c  fsl_lpuart.o [1]
  .text                ro code  0x6002'bd00    0x248  port.o [1]
  .text                ro code  0x6002'bf48     0x92  list.o [1]
  .text                ro code  0x6002'bfdc    0x424  timers.o [1]
  .text                ro code  0x6002'c400    0x5b0  at_conn_mgmt.o [1]
  .text                ro code  0x6002'c9b0    0x156  iar_Stoulx.o [2]
  .text                ro code  0x6002'cb08     0xa4  rand.o [2]
  .text                ro code  0x6002'cbac   0x1138  error.o [1]
  .text                ro code  0x6002'dce4     0x40  sprintf.o [2]
  .text                ro code  0x6002'dd24    0x436  strto64.o [3]
  .text                ro code  0x6002'e15a    0x604  fsl_str.o [1]
  Veneer               ro code  0x6002'e760      0x8  - Linker created -
  .text                ro code  0x6002'e768     0x40  csdk.o [1]
  .text                ro code  0x6002'e7a8      0x4  infra_log.o [1]
  .text                ro code  0x6002'e7ac    0x14a  dm_client_adapter.o [1]
  .text                ro code  0x6002'e8f8    0x1a0  infra_report.o [1]
  .text                ro code  0x6002'ea98    0xd24  dm_message.o [1]
  .text                ro code  0x6002'f7bc     0x74  dm_opt.o [1]
  .text                ro code  0x6002'f830    0x2a8  dm_message_cache.o [1]
  .text                ro code  0x6002'fad8    0x1a4  dm_ipc.o [1]
  .text                ro code  0x6002'fc7c    0x384  dm_client.o [1]
  .text                ro code  0x6003'0000     0x18  fsl_assert.o [1]
  CODE                 ro code  0x6003'0018     0xb0  portasm.o [1]
  .text                ro code  0x6003'00c8    0x26c  at_conn_mbox.o [1]
  .text                ro code  0x6003'0334   0x11d0  sim800.o [1]
  .text                ro code  0x6003'1504     0x7c  frexp.o [3]
  .text                ro code  0x6003'1580     0xf0  ldexp.o [3]
  .text                ro code  0x6003'1670    0x120  iar_Stopfx.o [2]
  .text                ro code  0x6003'1790    0x1c4  iar_Stoflt.o [2]
  .text                ro code  0x6003'1954    0x214  iar_Stoxflt.o [2]
  .text                ro code  0x6003'1b68    0x18c  pin_mux.o [1]
  .text                ro code  0x6003'1cf4    0x7cc  clock_config.o [1]
  .text                ro code  0x6003'24c0    0x6d0  kv.o [1]
  .text                ro code  0x6003'2b90    0x198  fsl_gpio.o [1]
  .text                ro code  0x6003'2d28   0x1070  linkkit_example_csdk.o [1]
  .text                ro code  0x6003'3d98    0x2f4  iotx_cm.o [1]
  .text                ro code  0x6003'408c    0x448  dm_msg_process.o [1]
  .text                ro code  0x6003'44d4     0xd4  fsl_debug_console.o [1]
  .text                ro code  0x6003'45a8    0x914  at_parser.o [1]
  .text                ro code  0x6003'4ebc     0x26  at_api.o [1]
  Veneer               ro code  0x6003'4ee4      0x8  - Linker created -
  Veneer               ro code  0x6003'4eec      0x8  - Linker created -
  .text                ro code  0x6003'4ef4    0x1ec  kv_adapt.o [1]
  .text                ro code  0x6003'50e0      0x2  kv_cli.o [1]
  .text                ro code  0x6003'50e4   0x1108  cJSON.o [1]
  .text                ro code  0x6003'61ec    0xcb2  impl_linkkit.o [1]
  .text                ro code  0x6003'6ea0     0x12  strcmp.o [4]
  .text                ro code  0x6003'6eb4    0x204  infra_compat.o [1]
  .text                ro code  0x6003'70b8    0x470  iotx_cm_mqtt.o [1]
  .text                ro code  0x6003'7528     0xa4  serial_manager.o [1]
  .text                ro code  0x6003'75cc     0x18  strcpy.o [4]
  .text                ro code  0x6003'75e4     0x32  fsl_cache.o [1]
  .text                ro code  0x6003'7616      0xc  tolower.o [2]
  .text                ro code  0x6003'7624      0x8  xlocale_c.o [2]
  .text                ro code  0x6003'762c     0x28  sscanf.o [2]
  .text                ro code  0x6003'7654    0x604  mqtt_api.o [1]
  .text                ro code  0x6003'7c58     0x64  serial_port_uart.o [1]
  .text                ro code  0x6003'7cbc    0x594  xscanfsmall_nomb.o [2]
  .text                ro code  0x6003'8250    0x464  dev_sign_mqtt.o [1]
  .text                ro code  0x6003'86b4     0x6c  lpuart_adapter.o [1]
  .text                ro code  0x6003'8720     0x82  iar_Stolx.o [2]
  .text                ro code  0x6003'87a4    0x41e  infra_sha256.o [1]
  .text                ro code  0x6003'8bc4   0x1d60  dlmalloc.o [2]
  .text                ro code  0x6003'a924     0x2c  xgetmemchunk.o [2]
  .text                ro code  0x6003'a950      0x6  ABImemclr.o [4]
  .rodata              const    0x6003'a958    0xb20  ssl_ciphersuites.o [1]
  .text                ro code  0x6003'b478    0x5c4  ecdsa.o [1]
  .text                ro code  0x6003'ba3c    0x246  hmac_drbg.o [1]
  .text                ro code  0x6003'bc82    0x1ac  asn1write.o [1]
  .rodata              const    0x6003'be30    0x504  root_ca.o [1]
  .rodata              const    0x6003'c334    0x400  aes.o [1]
  .rodata              const    0x6003'c734    0x400  aes.o [1]
  .rodata              const    0x6003'cb34    0x400  aes.o [1]
  .rodata              const    0x6003'cf34    0x400  aes.o [1]
  .rodata              const    0x6003'd334    0x400  aes.o [1]
  .rodata              const    0x6003'd734    0x400  aes.o [1]
  .rodata              const    0x6003'db34    0x400  aes.o [1]
  .rodata              const    0x6003'df34    0x400  aes.o [1]
  .rodata              const    0x6003'e334    0x340  ssl_ciphersuites.o [1]
  .text                ro code  0x6003'e674    0x2dc  pk_wrap.o [1]
  .rodata              const    0x6003'e950    0x2a0  bignum.o [1]
  .rodata              const    0x6003'ebf0    0x280  sha512.o [1]
  .text                ro code  0x6003'ee70    0x1f6  lz77_init.o [4]
  .rodata              const    0x6003'f068    0x190  oid.o [1]
  .text                ro code  0x6003'f1f8    0x17e  cipher_wrap.o [1]
  .text                ro code  0x6003'f378    0x14a  system_MIMXRT1052.o [1]
  .rodata              const    0x6003'f4c4    0x118  oid.o [1]
  .text                ro code  0x6003'f5dc    0x118  md_wrap.o [1]
  .rodata              const    0x6003'f6f4    0x100  aes.o [1]
  .rodata              const    0x6003'f7f4    0x100  aes.o [1]
  .rodata              const    0x6003'f8f4    0x100  des.o [1]
  .rodata              const    0x6003'f9f4    0x100  des.o [1]
  .rodata              const    0x6003'faf4    0x100  des.o [1]
  .rodata              const    0x6003'fbf4    0x100  des.o [1]
  .rodata              const    0x6003'fcf4    0x100  des.o [1]
  .rodata              const    0x6003'fdf4    0x100  des.o [1]
  .rodata              const    0x6003'fef4    0x100  des.o [1]
  .rodata              const    0x6003'fff4    0x100  des.o [1]
  .rodata              const    0x6004'00f4    0x100  infra_sha256.o [1]
  .rodata              const    0x6004'01f4    0x100  sha256.o [1]
  .rodata              const    0x6004'02f4    0x100  ssl_tls.o [1]
  .rodata              const    0x6004'03f4     0xd0  infra_report.o [1]
  .rodata              const    0x6004'04c4     0xc8  cipher_wrap.o [1]
  .rodata              const    0x6004'058c     0xa8  ssl_tls.o [1]
  .rodata              const    0x6004'0634     0x8c  oid.o [1]
  .rodata              const    0x6004'06c0     0x88  error.o [1]
  .rodata              const    0x6004'0748     0x84  ssl_tls.o [1]
  .rodata              const    0x6004'07cc     0x80  base64.o [1]
  .rodata              const    0x6004'084c     0x7c  ssl_tls.o [1]
  .rodata              const    0x6004'08c8     0x80  gcm.o [1]
  .rodata              const    0x6004'0948     0x78  oid.o [1]
  .rodata              const    0x6004'09c0     0x78  oid.o [1]
  .rodata              const    0x6004'0a38     0x78  ssl_tls.o [1]
  .rodata              const    0x6004'0ab0     0x70  oid.o [1]
  .rodata              const    0x6004'0b20     0x64  error.o [1]
  .rodata              const    0x6004'0b84     0x64  error.o [1]
  .rodata              const    0x6004'0be8     0x60  error.o [1]
  .rodata              const    0x6004'0c48     0x60  error.o [1]
  .rodata              const    0x6004'0ca8     0x60  error.o [1]
  .rodata              const    0x6004'0d08     0x60  linkkit_example_csdk.o [1]
  .rodata              const    0x6004'0d68     0x58  error.o [1]
  .rodata              const    0x6004'0dc0     0x58  error.o [1]
  .rodata              const    0x6004'0e18     0x58  iotx_mqtt_client.o [1]
  .rodata              const    0x6004'0e70     0x58  ssl_cli.o [1]
  .rodata              const    0x6004'0ec8     0x54  error.o [1]
  .rodata              const    0x6004'0f1c     0x50  error.o [1]
  .rodata              const    0x6004'0f6c     0x50  error.o [1]
  .rodata              const    0x6004'0fbc     0x50  linkkit_example_csdk.o [1]
  .rodata              const    0x6004'100c     0x50  oid.o [1]
  .rodata              const    0x6004'105c     0x50  ssl_tls.o [1]
  .rodata              const    0x6004'10ac     0x50  ssl_tls.o [1]
  .rodata              const    0x6004'10fc     0x50  iar_Stoulx.o [2]
  .rodata              const    0x6004'114c     0x4c  dm_message.o [1]
  .rodata              const    0x6004'1198     0x4c  error.o [1]
  .rodata              const    0x6004'11e4     0x4c  error.o [1]
  .rodata              const    0x6004'1230     0x4c  error.o [1]
  .rodata              const    0x6004'127c     0x4c  serial_manager.o [1]
  .rodata              const    0x6004'12c8     0x4c  serial_port_uart.o [1]
  .rodata              const    0x6004'1314     0x4c  ssl_cli.o [1]
  .rodata              const    0x6004'1360     0x4c  ssl_srv.o [1]
  .rodata              const    0x6004'13ac     0x4c  ssl_tls.o [1]
  .rodata              const    0x6004'13f8     0x4c  ssl_tls.o [1]
  .rodata              const    0x6004'1444     0x48  dm_message.o [1]
  .rodata              const    0x6004'148c     0x48  error.o [1]
  .rodata              const    0x6004'14d4     0x48  error.o [1]
  .rodata              const    0x6004'151c     0x48  error.o [1]
  .rodata              const    0x6004'1564     0x48  error.o [1]
  .rodata              const    0x6004'15ac     0x48  error.o [1]
  .rodata              const    0x6004'15f4     0x48  error.o [1]
  .rodata              const    0x6004'163c     0x48  error.o [1]
  .rodata              const    0x6004'1684     0x48  error.o [1]
  .rodata              const    0x6004'16cc     0x48  error.o [1]
  .rodata              const    0x6004'1714     0x48  ssl_srv.o [1]
  .rodata              const    0x6004'175c     0x48  ssl_srv.o [1]
  .rodata              const    0x6004'17a4     0x48  ssl_tls.o [1]
  .rodata              const    0x6004'17ec     0x44  dm_message.o [1]
  .rodata              const    0x6004'1830     0x48  strto64.o [3]
  .rodata              const    0x6004'1878     0x44  error.o [1]
  .rodata              const    0x6004'18bc     0x44  error.o [1]
  .rodata              const    0x6004'1900     0x44  error.o [1]
  .rodata              const    0x6004'1944     0x44  error.o [1]
  .rodata              const    0x6004'1988     0x44  error.o [1]
  .rodata              const    0x6004'19cc     0x44  error.o [1]
  .rodata              const    0x6004'1a10     0x44  error.o [1]
  .rodata              const    0x6004'1a54     0x44  error.o [1]
  .rodata              const    0x6004'1a98     0x44  error.o [1]
  .rodata              const    0x6004'1adc     0x44  error.o [1]
  .rodata              const    0x6004'1b20     0x44  error.o [1]
  .rodata              const    0x6004'1b64     0x44  error.o [1]
  .rodata              const    0x6004'1ba8     0x44  error.o [1]
  .rodata              const    0x6004'1bec     0x44  error.o [1]
  .rodata              const    0x6004'1c30     0x44  error.o [1]
  .rodata              const    0x6004'1c74     0x44  error.o [1]
  .rodata              const    0x6004'1cb8     0x44  error.o [1]
  .rodata              const    0x6004'1cfc     0x44  error.o [1]
  .rodata              const    0x6004'1d40     0x44  error.o [1]
  .rodata              const    0x6004'1d84     0x44  linkkit_example_csdk.o [1]
  .rodata              const    0x6004'1dc8     0x44  ssl_srv.o [1]
  .rodata              const    0x6004'1e0c     0x44  ssl_srv.o [1]
  .rodata              const    0x6004'1e50     0x44  ssl_srv.o [1]
  .rodata              const    0x6004'1e94     0x44  ssl_tls.o [1]
  .rodata              const    0x6004'1ed8     0x44  ssl_tls.o [1]
  .rodata              const    0x6004'1f1c     0x40  des.o [1]
  .rodata              const    0x6004'1f5c     0x40  des.o [1]
  .rodata              const    0x6004'1f9c     0x40  error.o [1]
  .rodata              const    0x6004'1fdc     0x40  error.o [1]
  .rodata              const    0x6004'201c     0x40  error.o [1]
  .rodata              const    0x6004'205c     0x40  error.o [1]
  .rodata              const    0x6004'209c     0x40  error.o [1]
  .rodata              const    0x6004'20dc     0x40  error.o [1]
  .rodata              const    0x6004'211c     0x40  error.o [1]
  .rodata              const    0x6004'215c     0x40  error.o [1]
  .rodata              const    0x6004'219c     0x40  error.o [1]
  .rodata              const    0x6004'21dc     0x40  error.o [1]
  .rodata              const    0x6004'221c     0x40  error.o [1]
  .rodata              const    0x6004'225c     0x40  error.o [1]
  .rodata              const    0x6004'229c     0x40  fsl_debug_console.o [1]
  .rodata              const    0x6004'22dc     0x40  fsl_lpuart.o [1]
  .rodata              const    0x6004'231c     0x40  HAL_TLS_mbedtls.o [1]
  .rodata              const    0x6004'235c     0x40  infra_sha256.o [1]
  .rodata              const    0x6004'239c     0x40  lpuart_adapter.o [1]
  .rodata              const    0x6004'23dc     0x40  sim800.o [1]
  .rodata              const    0x6004'241c     0x40  ssl_srv.o [1]
  .rodata              const    0x6004'245c     0x40  ssl_tls.o [1]
  .rodata              const    0x6004'249c     0x40  ssl_tls.o [1]
  .rodata              const    0x6004'24dc     0x40  ssl_tls.o [1]
  .rodata              const    0x6004'251c     0x3c  error.o [1]
  .rodata              const    0x6004'2558     0x3c  error.o [1]
  .rodata              const    0x6004'2594     0x3c  error.o [1]
  .rodata              const    0x6004'25d0     0x3c  error.o [1]
  .rodata              const    0x6004'260c     0x3c  error.o [1]
  .rodata              const    0x6004'2648     0x3c  error.o [1]
  .rodata              const    0x6004'2684     0x3c  error.o [1]
  .rodata              const    0x6004'26c0     0x3c  error.o [1]
  .rodata              const    0x6004'26fc     0x3c  error.o [1]
  .rodata              const    0x6004'2738     0x3c  error.o [1]
  .rodata              const    0x6004'2774     0x3c  error.o [1]
  .rodata              const    0x6004'27b0     0x3c  error.o [1]
  .rodata              const    0x6004'27ec     0x3c  error.o [1]
  .rodata              const    0x6004'2828     0x3c  error.o [1]
  .rodata              const    0x6004'2864     0x3c  error.o [1]
  .rodata              const    0x6004'28a0     0x3c  fsl_gpio.o [1]
  .rodata              const    0x6004'28dc     0x3c  oid.o [1]
  .rodata              const    0x6004'2918     0x3c  oid.o [1]
  .rodata              const    0x6004'2954     0x3c  ssl_cli.o [1]
  .rodata              const    0x6004'2990     0x3c  ssl_cli.o [1]
  .rodata              const    0x6004'29cc     0x3c  ssl_cli.o [1]
  .rodata              const    0x6004'2a08     0x3c  ssl_cli.o [1]
  .rodata              const    0x6004'2a44     0x3c  ssl_srv.o [1]
  .rodata              const    0x6004'2a80     0x3c  ssl_srv.o [1]
  .rodata              const    0x6004'2abc     0x3c  ssl_srv.o [1]
  .rodata              const    0x6004'2af8     0x3c  ssl_tls.o [1]
  .rodata              const    0x6004'2b34     0x3c  ssl_tls.o [1]
  .rodata              const    0x6004'2b70     0x3c  ssl_tls.o [1]
  .rodata              const    0x6004'2bac     0x3c  ssl_tls.o [1]
  .rodata              const    0x6004'2be8     0x3c  ssl_tls.o [1]
  .rodata              const    0x6004'2c24     0x3c  ssl_tls.o [1]
  .rodata              const    0x6004'2c60     0x3c  ssl_tls.o [1]
  .rodata              const    0x6004'2c9c     0x3c  ssl_tls.o [1]
  .rodata              const    0x6004'2cd8     0x3c  ssl_tls.o [1]
  .rodata              const    0x6004'2d14     0x38  dm_message.o [1]
  .rodata              const    0x6004'2d4c     0x38  error.o [1]
  .rodata              const    0x6004'2d84     0x38  error.o [1]
  .rodata              const    0x6004'2dbc     0x38  error.o [1]
  .rodata              const    0x6004'2df4     0x38  error.o [1]
  .rodata              const    0x6004'2e2c     0x38  error.o [1]
  .rodata              const    0x6004'2e64     0x38  error.o [1]
  .rodata              const    0x6004'2e9c     0x38  error.o [1]
  .rodata              const    0x6004'2ed4     0x38  error.o [1]
  .rodata              const    0x6004'2f0c     0x38  error.o [1]
  .rodata              const    0x6004'2f44     0x38  fsl_lpuart.o [1]
  .rodata              const    0x6004'2f7c     0x38  rsa_internal.o [1]
  .rodata              const    0x6004'2fb4     0x38  sim800.o [1]
  .rodata              const    0x6004'2fec     0x38  ssl_cli.o [1]
  .rodata              const    0x6004'3024     0x38  ssl_cli.o [1]
  .rodata              const    0x6004'305c     0x38  ssl_srv.o [1]
  .rodata              const    0x6004'3094     0x38  ssl_srv.o [1]
  .rodata              const    0x6004'30cc     0x38  ssl_tls.o [1]
  .rodata              const    0x6004'3104     0x38  ssl_tls.o [1]
  .rodata              const    0x6004'313c     0x38  ssl_tls.o [1]
  .rodata              const    0x6004'3174     0x38  ssl_tls.o [1]
  .rodata              const    0x6004'31ac     0x38  x509_crt.o [1]
  .rodata              const    0x6004'31e4     0x38  x509_crt.o [1]
  .rodata              const    0x6004'321c     0x34  clock_config.o [1]
  .rodata              const    0x6004'3250     0x34  dm_log_report.o [1]
  .rodata              const    0x6004'3284     0x34  error.o [1]
  .rodata              const    0x6004'32b8     0x34  error.o [1]
  .rodata              const    0x6004'32ec     0x34  error.o [1]
  .rodata              const    0x6004'3320     0x34  error.o [1]
  .rodata              const    0x6004'3354     0x34  error.o [1]
  .rodata              const    0x6004'3388     0x34  error.o [1]
  .rodata              const    0x6004'33bc     0x34  error.o [1]
  .rodata              const    0x6004'33f0     0x34  error.o [1]
  .rodata              const    0x6004'3424     0x34  error.o [1]
  .rodata              const    0x6004'3458     0x34  error.o [1]
  .rodata              const    0x6004'348c     0x34  fsl_clock.o [1]
  .rodata              const    0x6004'34c0     0x34  fsl_gpio.o [1]
  .rodata              const    0x6004'34f4     0x34  fsl_gpio.o [1]
  .rodata              const    0x6004'3528     0x34  fsl_lpuart.o [1]
  .rodata              const    0x6004'355c     0x34  HAL_TLS_mbedtls.o [1]
  .rodata              const    0x6004'3590     0x34  HAL_TLS_mbedtls.o [1]
  .rodata              const    0x6004'35c4     0x34  HAL_TLS_mbedtls.o [1]
  .rodata              const    0x6004'35f8     0x34  HAL_TLS_mbedtls.o [1]
  .rodata              const    0x6004'362c     0x34  HAL_TLS_mbedtls.o [1]
  .rodata              const    0x6004'3660     0x34  HAL_TLS_mbedtls.o [1]
  .rodata              const    0x6004'3694     0x34  pin_mux.o [1]
  .rodata              const    0x6004'36c8     0x34  sim800.o [1]
  .rodata              const    0x6004'36fc     0x34  ssl_cli.o [1]
  .rodata              const    0x6004'3730     0x34  ssl_cli.o [1]
  .rodata              const    0x6004'3764     0x34  ssl_cli.o [1]
  .rodata              const    0x6004'3798     0x34  ssl_cli.o [1]
  .rodata              const    0x6004'37cc     0x34  ssl_cli.o [1]
  .rodata              const    0x6004'3800     0x34  ssl_cli.o [1]
  .rodata              const    0x6004'3834     0x34  ssl_srv.o [1]
  .rodata              const    0x6004'3868     0x34  ssl_srv.o [1]
  .rodata              const    0x6004'389c     0x34  ssl_tls.o [1]
  .rodata              const    0x6004'38d0     0x34  ssl_tls.o [1]
  .rodata              const    0x6004'3904     0x34  ssl_tls.o [1]
  .rodata              const    0x6004'3938     0x34  ssl_tls.o [1]
  .rodata              const    0x6004'396c     0x34  ssl_tls.o [1]
  .rodata              const    0x6004'39a0     0x34  ssl_tls.o [1]
  .rodata              const    0x6004'39d4     0x34  ssl_tls.o [1]
  .rodata              const    0x6004'3a08     0x34  ssl_tls.o [1]
  .rodata              const    0x6004'3a3c     0x30  dm_message.o [1]
  .rodata              const    0x6004'3a6c     0x30  error.o [1]
  .rodata              const    0x6004'3a9c     0x30  error.o [1]
  .rodata              const    0x6004'3acc     0x30  error.o [1]
  .rodata              const    0x6004'3afc     0x30  error.o [1]
  .rodata              const    0x6004'3b2c     0x30  error.o [1]
  .rodata              const    0x6004'3b5c     0x30  error.o [1]
  .rodata              const    0x6004'3b8c     0x30  error.o [1]
  .rodata              const    0x6004'3bbc     0x30  error.o [1]
  .rodata              const    0x6004'3bec     0x30  error.o [1]
  .rodata              const    0x6004'3c1c     0x30  error.o [1]
  .rodata              const    0x6004'3c4c     0x30  error.o [1]
  .rodata              const    0x6004'3c7c     0x30  error.o [1]
  .rodata              const    0x6004'3cac     0x30  error.o [1]
  .rodata              const    0x6004'3cdc     0x30  error.o [1]
  .rodata              const    0x6004'3d0c     0x30  kv_adapt.o [1]
  .rodata              const    0x6004'3d3c     0x30  linkkit_example_csdk.o [1]
  .rodata              const    0x6004'3d6c     0x30  linkkit_example_csdk.o [1]
  .rodata              const    0x6004'3d9c     0x30  linkkit_example_csdk.o [1]
  .rodata              const    0x6004'3dcc     0x30  linkkit_example_csdk.o [1]
  .rodata              const    0x6004'3dfc     0x30  linkkit_example_csdk.o [1]
  .rodata              const    0x6004'3e2c     0x30  md_wrap.o [1]
  .rodata              const    0x6004'3e5c     0x30  md_wrap.o [1]
  .rodata              const    0x6004'3e8c     0x30  md_wrap.o [1]
  .rodata              const    0x6004'3ebc     0x30  md_wrap.o [1]
  .rodata              const    0x6004'3eec     0x30  md_wrap.o [1]
  .rodata              const    0x6004'3f1c     0x30  md_wrap.o [1]
  .rodata              const    0x6004'3f4c     0x30  pk_wrap.o [1]
  .rodata              const    0x6004'3f7c     0x30  pk_wrap.o [1]
  .rodata              const    0x6004'3fac     0x30  pk_wrap.o [1]
  .rodata              const    0x6004'3fdc     0x30  pk_wrap.o [1]
  .rodata              const    0x6004'400c     0x30  sim800.o [1]
  .rodata              const    0x6004'403c     0x30  ssl_cli.o [1]
  .rodata              const    0x6004'406c     0x30  ssl_cli.o [1]
  .rodata              const    0x6004'409c     0x30  ssl_cli.o [1]
  .rodata              const    0x6004'40cc     0x30  ssl_cli.o [1]
  .rodata              const    0x6004'40fc     0x30  ssl_cli.o [1]
  .rodata              const    0x6004'412c     0x30  ssl_cli.o [1]
  .rodata              const    0x6004'415c     0x30  ssl_cli.o [1]
  .rodata              const    0x6004'418c     0x30  ssl_cli.o [1]
  .rodata              const    0x6004'41bc     0x30  ssl_cli.o [1]
  .rodata              const    0x6004'41ec     0x30  ssl_cli.o [1]
  .rodata              const    0x6004'421c     0x30  ssl_cli.o [1]
  .rodata              const    0x6004'424c     0x30  ssl_cli.o [1]
  .rodata              const    0x6004'427c     0x30  ssl_cli.o [1]
  .rodata              const    0x6004'42ac     0x30  ssl_srv.o [1]
  .rodata              const    0x6004'42dc     0x30  ssl_srv.o [1]
  .rodata              const    0x6004'430c     0x30  ssl_srv.o [1]
  .rodata              const    0x6004'433c     0x30  ssl_srv.o [1]
  .rodata              const    0x6004'436c     0x30  ssl_srv.o [1]
  .rodata              const    0x6004'439c     0x30  ssl_srv.o [1]
  .rodata              const    0x6004'43cc     0x30  ssl_srv.o [1]
  .rodata              const    0x6004'43fc     0x30  ssl_srv.o [1]
  .rodata              const    0x6004'442c     0x30  ssl_srv.o [1]
  .rodata              const    0x6004'445c     0x30  ssl_srv.o [1]
  .rodata              const    0x6004'448c     0x30  ssl_srv.o [1]
  .rodata              const    0x6004'44bc     0x30  ssl_srv.o [1]
  .rodata              const    0x6004'44ec     0x30  ssl_tls.o [1]
  .rodata              const    0x6004'451c     0x30  ssl_tls.o [1]
  .rodata              const    0x6004'454c     0x30  ssl_tls.o [1]
  .rodata              const    0x6004'457c     0x30  ssl_tls.o [1]
  .rodata              const    0x6004'45ac     0x30  ssl_tls.o [1]
  .rodata              const    0x6004'45dc     0x2c  dm_message.o [1]
  .rodata              const    0x6004'4608     0x2c  error.o [1]
  .rodata              const    0x6004'4634     0x2c  error.o [1]
  .rodata              const    0x6004'4660     0x2c  error.o [1]
  .rodata              const    0x6004'468c     0x2c  error.o [1]
  .rodata              const    0x6004'46b8     0x2c  error.o [1]
  .rodata              const    0x6004'46e4     0x2c  error.o [1]
  .rodata              const    0x6004'4710     0x2c  error.o [1]
  .rodata              const    0x6004'473c     0x2c  error.o [1]
  .rodata              const    0x6004'4768     0x2c  error.o [1]
  .rodata              const    0x6004'4794     0x2c  error.o [1]
  .rodata              const    0x6004'47c0     0x2c  error.o [1]
  .rodata              const    0x6004'47ec     0x2c  error.o [1]
  .rodata              const    0x6004'4818     0x2c  error.o [1]
  .rodata              const    0x6004'4844     0x2c  error.o [1]
  .rodata              const    0x6004'4870     0x2c  error.o [1]
  .rodata              const    0x6004'489c     0x2c  error.o [1]
  .rodata              const    0x6004'48c8     0x2c  error.o [1]
  .rodata              const    0x6004'48f4     0x2c  error.o [1]
  .rodata              const    0x6004'4920     0x2c  error.o [1]
  .rodata              const    0x6004'494c     0x2c  error.o [1]
  .rodata              const    0x6004'4978     0x2c  error.o [1]
  .rodata              const    0x6004'49a4     0x2c  error.o [1]
  .rodata              const    0x6004'49d0     0x2c  error.o [1]
  .rodata              const    0x6004'49fc     0x2c  error.o [1]
  .rodata              const    0x6004'4a28     0x2c  error.o [1]
  .rodata              const    0x6004'4a54     0x2c  fsl_assert.o [1]
  .rodata              const    0x6004'4a80     0x2c  HAL_TLS_mbedtls.o [1]
  .rodata              const    0x6004'4aac     0x2c  HAL_TLS_mbedtls.o [1]
  .rodata              const    0x6004'4ad8     0x2c  HAL_TLS_mbedtls.o [1]
  .rodata              const    0x6004'4b04     0x2c  HAL_TLS_mbedtls.o [1]
  .rodata              const    0x6004'4b30     0x2c  HAL_TLS_mbedtls.o [1]
  .rodata              const    0x6004'4b5c     0x2c  HAL_TLS_mbedtls.o [1]
  .rodata              const    0x6004'4b88     0x2c  HAL_TLS_mbedtls.o [1]
  .rodata              const    0x6004'4bb4     0x2c  linkkit_example_csdk.o [1]
  .rodata              const    0x6004'4be0     0x2c  sim800.o [1]
  .rodata              const    0x6004'4c0c     0x2c  sim800.o [1]
  .rodata              const    0x6004'4c38     0x2c  sim800.o [1]
  .rodata              const    0x6004'4c64     0x2c  sim800.o [1]
  .rodata              const    0x6004'4c90     0x2c  sim800.o [1]
  .rodata              const    0x6004'4cbc     0x2c  sim800.o [1]
  .rodata              const    0x6004'4ce8     0x2c  sim800.o [1]
  .rodata              const    0x6004'4d14     0x2c  sim800.o [1]
  .rodata              const    0x6004'4d40     0x2c  ssl_cli.o [1]
  .rodata              const    0x6004'4d6c     0x2c  ssl_cli.o [1]
  .rodata              const    0x6004'4d98     0x2c  ssl_cli.o [1]
  .rodata              const    0x6004'4dc4     0x2c  ssl_cli.o [1]
  .rodata              const    0x6004'4df0     0x2c  ssl_cli.o [1]
  .rodata              const    0x6004'4e1c     0x2c  ssl_srv.o [1]
  .rodata              const    0x6004'4e48     0x2c  ssl_srv.o [1]
  .rodata              const    0x6004'4e74     0x2c  ssl_srv.o [1]
  .rodata              const    0x6004'4ea0     0x2c  ssl_srv.o [1]
  .rodata              const    0x6004'4ecc     0x2c  ssl_srv.o [1]
  .rodata              const    0x6004'4ef8     0x2c  ssl_srv.o [1]
  .rodata              const    0x6004'4f24     0x2c  ssl_srv.o [1]
  .rodata              const    0x6004'4f50     0x2c  ssl_tls.o [1]
  .rodata              const    0x6004'4f7c     0x2c  ssl_tls.o [1]
  .rodata              const    0x6004'4fa8     0x2c  ssl_tls.o [1]
  .rodata              const    0x6004'4fd4     0x2c  ssl_tls.o [1]
  .rodata              const    0x6004'5000     0x2c  ssl_tls.o [1]
  .rodata              const    0x6004'502c     0x2c  ssl_tls.o [1]
  .rodata              const    0x6004'5058     0x2c  ssl_tls.o [1]
  .rodata              const    0x6004'5084     0x2c  ssl_tls.o [1]
  .rodata              const    0x6004'50b0     0x28  aes.o [1]
  .rodata              const    0x6004'50d8     0x28  dm_log_report.o [1]
  .rodata              const    0x6004'5100     0x28  error.o [1]
  .rodata              const    0x6004'5128     0x28  error.o [1]
  .rodata              const    0x6004'5150     0x28  error.o [1]
  .rodata              const    0x6004'5178     0x28  error.o [1]
  .rodata              const    0x6004'51a0     0x28  error.o [1]
  .rodata              const    0x6004'51c8     0x28  error.o [1]
  .rodata              const    0x6004'51f0     0x28  error.o [1]
  .rodata              const    0x6004'5218     0x28  error.o [1]
  .rodata              const    0x6004'5240     0x28  error.o [1]
  .rodata              const    0x6004'5268     0x28  error.o [1]
  .rodata              const    0x6004'5290     0x28  error.o [1]
  .rodata              const    0x6004'52b8     0x28  error.o [1]
  .rodata              const    0x6004'52e0     0x28  error.o [1]
  .rodata              const    0x6004'5308     0x28  error.o [1]
  .rodata              const    0x6004'5330     0x28  error.o [1]
  .rodata              const    0x6004'5358     0x28  error.o [1]
  .rodata              const    0x6004'5380     0x28  error.o [1]
  .rodata              const    0x6004'53a8     0x28  error.o [1]
  .rodata              const    0x6004'53d0     0x28  error.o [1]
  .rodata              const    0x6004'53f8     0x28  error.o [1]
  .rodata              const    0x6004'5420     0x28  error.o [1]
  .rodata              const    0x6004'5448     0x28  error.o [1]
  .rodata              const    0x6004'5470     0x28  error.o [1]
  .rodata              const    0x6004'5498     0x28  error.o [1]
  .rodata              const    0x6004'54c0     0x28  error.o [1]
  .rodata              const    0x6004'54e8     0x28  error.o [1]
  .rodata              const    0x6004'5510     0x28  error.o [1]
  .rodata              const    0x6004'5538     0x28  error.o [1]
  .rodata              const    0x6004'5560     0x28  error.o [1]
  .rodata              const    0x6004'5588     0x28  error.o [1]
  .rodata              const    0x6004'55b0     0x28  error.o [1]
  .rodata              const    0x6004'55d8     0x28  error.o [1]
  .rodata              const    0x6004'5600     0x28  error.o [1]
  .rodata              const    0x6004'5628     0x28  error.o [1]
  .rodata              const    0x6004'5650     0x28  error.o [1]
  .rodata              const    0x6004'5678     0x28  HAL_TLS_mbedtls.o [1]
  .rodata              const    0x6004'56a0     0x28  HAL_TLS_mbedtls.o [1]
  .rodata              const    0x6004'56c8     0x28  HAL_TLS_mbedtls.o [1]
  .rodata              const    0x6004'56f0     0x28  HAL_TLS_mbedtls.o [1]
  .rodata              const    0x6004'5718     0x28  HAL_TLS_mbedtls.o [1]
  .rodata              const    0x6004'5740     0x28  HAL_TLS_mbedtls.o [1]
  .rodata              const    0x6004'5768     0x28  infra_defs.o [1]
  .rodata              const    0x6004'5790     0x28  infra_defs.o [1]
  .rodata              const    0x6004'57b8     0x28  infra_defs.o [1]
  .rodata              const    0x6004'57e0     0x28  infra_defs.o [1]
  .rodata              const    0x6004'5808     0x28  infra_defs.o [1]
  .rodata              const    0x6004'5830     0x28  infra_defs.o [1]
  .rodata              const    0x6004'5858     0x28  infra_report.o [1]
  .rodata              const    0x6004'5880     0x28  linkkit_example_csdk.o [1]
  .rodata              const    0x6004'58a8     0x28  oid.o [1]
  .rodata              const    0x6004'58d0     0x28  pkparse.o [1]
  .rodata              const    0x6004'58f8     0x28  sim800.o [1]
  .rodata              const    0x6004'5920     0x28  sim800.o [1]
  .rodata              const    0x6004'5948     0x28  sim800.o [1]
  .rodata              const    0x6004'5970     0x28  sim800.o [1]
  .rodata              const    0x6004'5998     0x28  sim800.o [1]
  .rodata              const    0x6004'59c0     0x28  ssl_ciphersuites.o [1]
  .rodata              const    0x6004'59e8     0x28  ssl_ciphersuites.o [1]
  .rodata              const    0x6004'5a10     0x28  ssl_ciphersuites.o [1]
  .rodata              const    0x6004'5a38     0x28  ssl_ciphersuites.o [1]
  .rodata              const    0x6004'5a60     0x28  ssl_ciphersuites.o [1]
  .rodata              const    0x6004'5a88     0x28  ssl_ciphersuites.o [1]
  .rodata              const    0x6004'5ab0     0x28  ssl_ciphersuites.o [1]
  .rodata              const    0x6004'5ad8     0x28  ssl_ciphersuites.o [1]
  .rodata              const    0x6004'5b00     0x28  ssl_ciphersuites.o [1]
  .rodata              const    0x6004'5b28     0x28  ssl_ciphersuites.o [1]
  .rodata              const    0x6004'5b50     0x28  ssl_ciphersuites.o [1]
  .rodata              const    0x6004'5b78     0x28  ssl_ciphersuites.o [1]
  .rodata              const    0x6004'5ba0     0x28  ssl_ciphersuites.o [1]
  .rodata              const    0x6004'5bc8     0x28  ssl_ciphersuites.o [1]
  .rodata              const    0x6004'5bf0     0x28  ssl_ciphersuites.o [1]
  .rodata              const    0x6004'5c18     0x28  ssl_ciphersuites.o [1]
  .rodata              const    0x6004'5c40     0x28  ssl_ciphersuites.o [1]
  .rodata              const    0x6004'5c68     0x28  ssl_ciphersuites.o [1]
  .rodata              const    0x6004'5c90     0x28  ssl_ciphersuites.o [1]
  .rodata              const    0x6004'5cb8     0x28  ssl_ciphersuites.o [1]
  .rodata              const    0x6004'5ce0     0x28  ssl_ciphersuites.o [1]
  .rodata              const    0x6004'5d08     0x28  ssl_ciphersuites.o [1]
  .rodata              const    0x6004'5d30     0x28  ssl_cli.o [1]
  .rodata              const    0x6004'5d58     0x28  ssl_cli.o [1]
  .rodata              const    0x6004'5d80     0x28  ssl_cli.o [1]
  .rodata              const    0x6004'5da8     0x28  ssl_cli.o [1]
  .rodata              const    0x6004'5dd0     0x28  ssl_cli.o [1]
  .rodata              const    0x6004'5df8     0x28  ssl_cli.o [1]
  .rodata              const    0x6004'5e20     0x28  ssl_cli.o [1]
  .rodata              const    0x6004'5e48     0x28  ssl_cli.o [1]
  .rodata              const    0x6004'5e70     0x28  ssl_cli.o [1]
  .rodata              const    0x6004'5e98     0x28  ssl_cli.o [1]
  .rodata              const    0x6004'5ec0     0x28  ssl_cli.o [1]
  .rodata              const    0x6004'5ee8     0x28  ssl_srv.o [1]
  .rodata              const    0x6004'5f10     0x28  ssl_srv.o [1]
  .rodata              const    0x6004'5f38     0x28  ssl_srv.o [1]
  .rodata              const    0x6004'5f60     0x28  ssl_srv.o [1]
  .rodata              const    0x6004'5f88     0x28  ssl_srv.o [1]
  .rodata              const    0x6004'5fb0     0x28  ssl_srv.o [1]
  .rodata              const    0x6004'5fd8     0x28  ssl_srv.o [1]
  .rodata              const    0x6004'6000     0x28  ssl_srv.o [1]
  .rodata              const    0x6004'6028     0x28  ssl_srv.o [1]
  .rodata              const    0x6004'6050     0x28  ssl_srv.o [1]
  .rodata              const    0x6004'6078     0x28  ssl_srv.o [1]
  .rodata              const    0x6004'60a0     0x28  ssl_srv.o [1]
  .rodata              const    0x6004'60c8     0x28  ssl_srv.o [1]
  .rodata              const    0x6004'60f0     0x28  ssl_tls.o [1]
  .rodata              const    0x6004'6118     0x28  ssl_tls.o [1]
  .rodata              const    0x6004'6140     0x28  ssl_tls.o [1]
  .rodata              const    0x6004'6168     0x28  ssl_tls.o [1]
  .rodata              const    0x6004'6190     0x28  ssl_tls.o [1]
  .rodata              const    0x6004'61b8     0x28  ssl_tls.o [1]
  .rodata              const    0x6004'61e0     0x28  ssl_tls.o [1]
  .rodata              const    0x6004'6208     0x28  ssl_tls.o [1]
  .rodata              const    0x6004'6230     0x28  ssl_tls.o [1]
  .rodata              const    0x6004'6258     0x28  ssl_tls.o [1]
  .rodata              const    0x6004'6280     0x28  ssl_tls.o [1]
  .rodata              const    0x6004'62a8     0x28  ssl_tls.o [1]
  .rodata              const    0x6004'62d0     0x28  ssl_tls.o [1]
  .rodata              const    0x6004'62f8     0x28  ssl_tls.o [1]
  .rodata              const    0x6004'6320     0x28  ssl_tls.o [1]
  .rodata              const    0x6004'6348     0x28  ssl_tls.o [1]
  .rodata              const    0x6004'6370     0x28  ssl_tls.o [1]
  .rodata              const    0x6004'6398     0x28  ssl_tls.o [1]
  .rodata              const    0x6004'63c0     0x28  ssl_tls.o [1]
  .text                ro code  0x6004'63e8     0x28  fsl_usdhc.o [1]
  .text                ro code  0x6004'6410     0x28  startup_MIMXRT1052.o [1]
  .text                ro code  0x6004'6438     0x28  data_init.o [4]
  .rodata              const    0x6004'6460     0x24  at_conn_mbox.o [1]
  .rodata              const    0x6004'6484     0x24  cipher_wrap.o [1]
  .rodata              const    0x6004'64a8     0x24  cipher_wrap.o [1]
  .rodata              const    0x6004'64cc     0x24  cipher_wrap.o [1]
  .rodata              const    0x6004'64f0     0x24  cipher_wrap.o [1]
  .rodata              const    0x6004'6514     0x24  cipher_wrap.o [1]
  .rodata              const    0x6004'6538     0x24  cipher_wrap.o [1]
  .rodata              const    0x6004'655c     0x24  dm_manager.o [1]
  .rodata              const    0x6004'6580     0x24  dm_message.o [1]
  .rodata              const    0x6004'65a4     0x24  dm_msg_process.o [1]
  .rodata              const    0x6004'65c8     0x24  dm_msg_process.o [1]
  .rodata              const    0x6004'65ec     0x24  error.o [1]
  .rodata              const    0x6004'6610     0x24  error.o [1]
  .rodata              const    0x6004'6634     0x24  error.o [1]
  .rodata              const    0x6004'6658     0x24  error.o [1]
  .rodata              const    0x6004'667c     0x24  error.o [1]
  .rodata              const    0x6004'66a0     0x24  error.o [1]
  .rodata              const    0x6004'66c4     0x24  error.o [1]
  .rodata              const    0x6004'66e8     0x24  error.o [1]
  .rodata              const    0x6004'670c     0x24  error.o [1]
  .rodata              const    0x6004'6730     0x24  error.o [1]
  .rodata              const    0x6004'6754     0x24  error.o [1]
  .rodata              const    0x6004'6778     0x24  error.o [1]
  .rodata              const    0x6004'679c     0x24  error.o [1]
  .rodata              const    0x6004'67c0     0x24  error.o [1]
  .rodata              const    0x6004'67e4     0x24  error.o [1]
  .rodata              const    0x6004'6808     0x24  error.o [1]
  .rodata              const    0x6004'682c     0x24  error.o [1]
  .rodata              const    0x6004'6850     0x24  error.o [1]
  .rodata              const    0x6004'6874     0x24  error.o [1]
  .rodata              const    0x6004'6898     0x24  fsl_lpuart.o [1]
  .rodata              const    0x6004'68bc     0x24  HAL_TLS_mbedtls.o [1]
  .rodata              const    0x6004'68e0     0x24  HAL_TLS_mbedtls.o [1]
  .rodata              const    0x6004'6904     0x24  infra_defs.o [1]
  .rodata              const    0x6004'6928     0x24  infra_defs.o [1]
  .rodata              const    0x6004'694c     0x24  infra_defs.o [1]
  .rodata              const    0x6004'6970     0x24  infra_report.o [1]
  .rodata              const    0x6004'6994     0x24  linkkit_example_csdk.o [1]
  .rodata              const    0x6004'69b8     0x24  linkkit_example_csdk.o [1]
  .rodata              const    0x6004'69dc     0x24  linkkit_example_csdk.o [1]
  .rodata              const    0x6004'6a00     0x24  linkkit_example_csdk.o [1]
  .rodata              const    0x6004'6a24     0x24  linkkit_example_csdk.o [1]
  .rodata              const    0x6004'6a48     0x24  linkkit_example_csdk.o [1]
  .rodata              const    0x6004'6a6c     0x24  lpuart_adapter.o [1]
  .rodata              const    0x6004'6a90     0x24  pkparse.o [1]
  .rodata              const    0x6004'6ab4     0x24  sim800.o [1]
  .rodata              const    0x6004'6ad8     0x24  sim800.o [1]
  .rodata              const    0x6004'6afc     0x24  sim800.o [1]
  .rodata              const    0x6004'6b20     0x24  sim800.o [1]
  .rodata              const    0x6004'6b44     0x24  ssl_ciphersuites.o [1]
  .rodata              const    0x6004'6b68     0x24  ssl_ciphersuites.o [1]
  .rodata              const    0x6004'6b8c     0x24  ssl_ciphersuites.o [1]
  .rodata              const    0x6004'6bb0     0x24  ssl_ciphersuites.o [1]
  .rodata              const    0x6004'6bd4     0x24  ssl_ciphersuites.o [1]
  .rodata              const    0x6004'6bf8     0x24  ssl_ciphersuites.o [1]
[...]
ssl_write_max_fragment_length_ext
                        0x6001'8071     0x4c  Code  Lc  ssl_srv.o [1]
ssl_write_new_session_ticket
                        0x6001'9bd1     0xe4  Code  Lc  ssl_srv.o [1]
ssl_write_real          0x6000'8b4d     0xd0  Code  Lc  ssl_tls.o [1]
ssl_write_renegotiation_ext
                        0x6001'31c7     0x8c  Code  Lc  ssl_cli.o [1]
ssl_write_renegotiation_ext
                        0x6001'7fd9     0x8e  Code  Lc  ssl_srv.o [1]
ssl_write_server_hello  0x6001'8341    0x3b4  Code  Lc  ssl_srv.o [1]
ssl_write_server_hello_done
                        0x6001'8f51     0xb6  Code  Lc  ssl_srv.o [1]
ssl_write_server_key_exchange
                        0x6001'8e09    0x13a  Code  Lc  ssl_srv.o [1]
ssl_write_session_ticket_ext
                        0x6001'3677     0xba  Code  Lc  ssl_cli.o [1]
ssl_write_session_ticket_ext
                        0x6001'7f91     0x3e  Code  Lc  ssl_srv.o [1]
ssl_write_signature_algorithms_ext
                        0x6001'3253     0xe0  Code  Lc  ssl_cli.o [1]
ssl_write_split         0x6000'8c1d     0x6e  Code  Lc  ssl_tls.o [1]
ssl_write_supported_elliptic_curves_ext
                        0x6001'3333     0xe0  Code  Lc  ssl_cli.o [1]
ssl_write_supported_point_formats_ext
                        0x6001'3413     0x70  Code  Lc  ssl_cli.o [1]
ssl_write_supported_point_formats_ext
                        0x6001'80bd     0x48  Code  Lc  ssl_srv.o [1]
ssl_write_truncated_hmac_ext
                        0x6001'3507     0x74  Code  Lc  ssl_cli.o [1]
ssl_write_truncated_hmac_ext
                        0x6001'7e8f     0x3c  Code  Lc  ssl_srv.o [1]
stop_sample             0x6002'6261     0x26  Code  Gb  dm_log_report.o [1]
strchr                  0x6002'1491           Code  Gb  strchr.o [4]
strcmp                  0x6003'6ea1           Code  Gb  strcmp.o [4]
strcpy                  0x6003'75cd           Code  Gb  strcpy.o [4]
strlen                  0x6000'a0b1           Code  Gb  strlen.o [4]
strncmp                 0x6002'656f     0x28  Code  Gb  strncmp.o [2]
strncpy                 0x6002'6599           Code  Gb  strncpy.o [4]
strstr                  0x6001'e519     0x30  Code  Gb  strstr.o [2]
strtod                  0x6002'e155      0x6  Code  Gb  strto64.o [3]
strtol                  0x6003'879f      0x4  Code  Gb  iar_Stolx.o [2]
strtold                 0x6002'e155      0x6  Code  Gb  strto64.o [3]
strtoul                 0x6002'cb01      0x2  Code  Gb  iar_Stoulx.o [2]
sub32                   0x6002'0407     0x1a  Code  Lc  ecp_curves_alt.o [1]
suffix_object           0x6003'6043      0x6  Code  Lc  cJSON.o [1]
supported_ciphersuites  0x2001'5d88    0x164  Data  Lc  ssl_ciphersuites.o [1]
supported_init          0x2001'5eec      0x4  Data  Lc  ssl_ciphersuites.o [1]
switch_status           0x2000'1220      0x4  Data  Lc  dm_log_report.o [1]
sysPllConfig_BOARD_BootClockRUN
                        0x6004'ae30     0x14  Data  Gb  clock_config.o [1]
sys_alloc               0x6003'9185    0x164  Code  Lc  dlmalloc.o [2]
sys_trim                0x6003'92e9     0x64  Code  Lc  dlmalloc.o [2]
t_handle                0x2001'6058     0x30  Data  Gb  wrapper.o [1]
tls1_prf                0x6000'2675    0x1be  Code  Lc  ssl_tls.o [1]
tls_prf_generic         0x6000'2833    0x116  Code  Lc  ssl_tls.o [1]
tls_prf_sha256          0x6000'2949     0x20  Code  Lc  ssl_tls.o [1]
tls_prf_sha384          0x6000'2969     0x20  Code  Lc  ssl_tls.o [1]
tmalloc_large           0x6003'97ff    0x386  Code  Lc  dlmalloc.o [2]
tmalloc_small           0x6003'9b85    0x200  Code  Lc  dlmalloc.o [2]
tolower                 0x6003'7617      0xc  Code  Gb  tolower.o [2]
try_realloc_chunk       0x6003'a57d    0x318  Code  Lc  dlmalloc.o [2]
ucHeap                  0x2000'130c  0x14000  Data  Lc  heap_4.o [1]
ucMaxSysCallPriority    0x2001'6513      0x1  Data  Lc  port.o [1]
ulMaxPRIGROUPValue      0x2001'5af0      0x4  Data  Lc  port.o [1]
update_offset           0x6003'5341     0x1c  Code  Lc  cJSON.o [1]
user_connected_event_handler
                        0x6003'2d3b     0x2e  Code  Lc  linkkit_example_csdk.o [1]
user_connected_event_handler::__func__
                        0x6004'7d6c     0x20  Data  Lc  linkkit_example_csdk.o [1]
user_cota_event_handler
                        0x6003'3605     0xf2  Code  Lc  linkkit_example_csdk.o [1]
user_cota_event_handler::__func__
                        0x6004'a1a0     0x18  Data  Lc  linkkit_example_csdk.o [1]
user_deviceinfo_delete  0x6003'3905     0x46  Code  Lc  linkkit_example_csdk.o [1]
user_deviceinfo_delete::__func__
                        0x6004'a218     0x18  Data  Lc  linkkit_example_csdk.o [1]
user_deviceinfo_update  0x6003'38ad     0x46  Code  Lc  linkkit_example_csdk.o [1]
user_deviceinfo_update::__func__
                        0x6004'a200     0x18  Data  Lc  linkkit_example_csdk.o [1]
user_disconnected_event_handler
                        0x6003'2d69     0x2c  Code  Lc  linkkit_example_csdk.o [1]
user_disconnected_event_handler::__func__
                        0x6004'7d8c     0x20  Data  Lc  linkkit_example_csdk.o [1]
user_down_raw_data_arrived_event_handler
                        0x6003'2d95     0x2c  Code  Lc  linkkit_example_csdk.o [1]
user_down_raw_data_arrived_event_handler::__func__
                        0x6004'4bb4     0x2c  Data  Lc  linkkit_example_csdk.o [1]
user_example_get_ctx    0x6003'2d35      0x6  Code  Lc  linkkit_example_csdk.o [1]
user_fota_event_handler
                        0x6003'35bb     0x4a  Code  Lc  linkkit_example_csdk.o [1]
user_fota_event_handler::__func__
                        0x6004'a188     0x18  Data  Lc  linkkit_example_csdk.o [1]
user_initialized        0x6003'3585     0x36  Code  Lc  linkkit_example_csdk.o [1]
user_initialized::__func__
                        0x6004'afe8     0x14  Data  Lc  linkkit_example_csdk.o [1]
user_master_dev_available
                        0x6003'39e1     0x1a  Code  Lc  linkkit_example_csdk.o [1]
user_post_event         0x6003'37f5     0xaa  Code  Lc  linkkit_example_csdk.o [1]
user_post_event::__func__
                        0x6004'bb14     0x10  Data  Lc  linkkit_example_csdk.o [1]
user_post_event::example_index
                        0x2001'563c      0x4  Data  Lc  linkkit_example_csdk.o [1]
user_post_property      0x6003'372b     0xa8  Code  Lc  linkkit_example_csdk.o [1]
user_post_property::__func__
                        0x6004'b060     0x14  Data  Lc  linkkit_example_csdk.o [1]
user_post_property::example_index
                        0x2001'5638      0x4  Data  Lc  linkkit_example_csdk.o [1]
user_post_raw_data      0x6003'394b     0x46  Code  Lc  linkkit_example_csdk.o [1]
user_post_raw_data::__func__
                        0x6004'b0d8     0x14  Data  Lc  linkkit_example_csdk.o [1]
user_property_get_event_handler
                        0x6003'3015    0x494  Code  Lc  linkkit_example_csdk.o [1]
user_property_get_event_handler::__func__
                        0x6004'7dec     0x20  Data  Lc  linkkit_example_csdk.o [1]
user_property_set_event_handler
                        0x6003'2f7f     0x92  Code  Lc  linkkit_example_csdk.o [1]
user_property_set_event_handler::__func__
                        0x6004'7dac     0x20  Data  Lc  linkkit_example_csdk.o [1]
user_report_reply_event_handler
                        0x6003'34bd     0x48  Code  Lc  linkkit_example_csdk.o [1]
user_report_reply_event_handler::__func__
                        0x6004'7e0c     0x20  Data  Lc  linkkit_example_csdk.o [1]
user_service_request_event_handler
                        0x6003'2dc1    0x1be  Code  Lc  linkkit_example_csdk.o [1]
user_service_request_event_handler::__func__
                        0x6004'6994     0x24  Data  Lc  linkkit_example_csdk.o [1]
user_timestamp_reply_event_handler
                        0x6003'3555     0x26  Code  Lc  linkkit_example_csdk.o [1]
user_timestamp_reply_event_handler::__func__
                        0x6004'69dc     0x24  Data  Lc  linkkit_example_csdk.o [1]
user_trigger_event_reply_event_handler
                        0x6003'3505     0x50  Code  Lc  linkkit_example_csdk.o [1]
user_trigger_event_reply_event_handler::__func__
                        0x6004'5880     0x28  Data  Lc  linkkit_example_csdk.o [1]
user_update_sec         0x6003'36f7     0x34  Code  Lc  linkkit_example_csdk.o [1]
user_update_sec::time_start_ms
                        0x2000'0e48      0x8  Data  Lc  linkkit_example_csdk.o [1]
utf16_literal_to_utf8   0x6003'5471     0xe6  Code  Lc  cJSON.o [1]
utils_hmac_sha256       0x6003'8b05     0xbe  Code  Gb  infra_sha256.o [1]
utils_net_read          0x6002'5691     0x16  Code  Gb  infra_net.o [1]
utils_net_write         0x6002'56a7     0x16  Code  Gb  infra_net.o [1]
utils_sha256_finish     0x6003'89c1    0x11c  Code  Gb  infra_sha256.o [1]
utils_sha256_init       0x6003'87a5      0x8  Code  Gb  infra_sha256.o [1]
utils_sha256_process    0x6003'87d9    0x164  Code  Gb  infra_sha256.o [1]
utils_sha256_starts     0x6003'87ad     0x2c  Code  Gb  infra_sha256.o [1]
utils_sha256_update     0x6003'893d     0x84  Code  Gb  infra_sha256.o [1]
utils_time_countdown_ms
                        0x6002'561d     0x14  Code  Gb  infra_timer.o [1]
utils_time_is_expired   0x6002'55f5     0x1e  Code  Gb  infra_timer.o [1]
utils_time_spend        0x6002'55c1     0x14  Code  Gb  infra_timer.o [1]
uxCriticalNesting       0x2000'0dac      0x4  Data  Lc  port.o [1]
uxCurrentNumberOfTasks  0x2001'5fc8      0x4  Data  Lc  tasks.o [1]
uxDeletedTasksWaitingCleanUp
                        0x2001'5fb0      0x4  Data  Lc  tasks.o [1]
uxListRemove            0x6002'bfb5     0x26  Code  Gb  list.o [1]
uxPendedTicks           0x2001'5fd8      0x4  Data  Lc  tasks.o [1]
uxSchedulerSuspended    0x2001'5ff0      0x4  Data  Lc  tasks.o [1]
uxTaskNumber            0x2001'5fe4      0x4  Data  Lc  tasks.o [1]
uxTaskResetEventItemValue
                        0x6002'8351     0x16  Code  Gb  tasks.o [1]
uxTopReadyPriority      0x2001'5fd0      0x4  Data  Lc  tasks.o [1]
vEventGroupDelete       0x6002'b0f3     0x42  Code  Gb  event_groups.o [1]
vEventGroupSetBitsCallback
                        0x6002'b135      0x2  Code  Gb  event_groups.o [1]
vListInitialise         0x6002'bf49     0x1a  Code  Gb  list.o [1]
vListInitialiseItem     0x6002'bf63      0x6  Code  Gb  list.o [1]
vListInsert             0x6002'bf81     0x34  Code  Gb  list.o [1]
vListInsertEnd          0x6002'bf69     0x18  Code  Gb  list.o [1]
vPortEnableVFP          0x6003'00ad           Code  Gb  portasm.o [1]
vPortEnterCritical      0x6002'be1b     0x34  Code  Gb  port.o [1]
vPortExitCritical       0x6002'be4f     0x26  Code  Gb  port.o [1]
vPortFree               0x6002'6e61     0x64  Code  Gb  heap_4.o [1]
vPortStartFirstTask     0x6003'008d           Code  Gb  portasm.o [1]
vPortValidateInterruptPriority
                        0x6002'be9d     0x46  Code  Gb  port.o [1]
vQueueAddToRegistry     0x6002'77a1     0x24  Code  Gb  queue.o [1]
vQueueDelete            0x6002'7625     0x24  Code  Gb  queue.o [1]
vQueueUnregisterQueue   0x6002'77c9     0x24  Code  Gb  queue.o [1]
vQueueWaitForMessageRestricted
                        0x6002'77f1     0x4a  Code  Gb  queue.o [1]
vTaskDelay              0x6002'7ad1     0x4c  Code  Gb  tasks.o [1]
vTaskDelete             0x6002'7a05     0xcc  Code  Gb  tasks.o [1]
vTaskInternalSetTimeOutState
                        0x6002'7f91     0x12  Code  Gb  tasks.o [1]
vTaskMissedYield        0x6002'802f      0xa  Code  Gb  tasks.o [1]
vTaskPlaceOnEventList   0x6002'7dc5     0x30  Code  Gb  tasks.o [1]
vTaskPlaceOnEventListRestricted
                        0x6002'7e45     0x3a  Code  Gb  tasks.o [1]
vTaskPlaceOnUnorderedEventList
                        0x6002'7df5     0x50  Code  Gb  tasks.o [1]
vTaskPriorityDisinheritAfterTimeout
                        0x6002'82a1     0xb0  Code  Gb  tasks.o [1]
vTaskRemoveFromUnorderedEventList
                        0x6002'7f15     0x7c  Code  Gb  tasks.o [1]
vTaskStartScheduler     0x6002'7b1d     0x72  Code  Gb  tasks.o [1]
vTaskSuspendAll         0x6002'7b8f      0xc  Code  Gb  tasks.o [1]
vTaskSwitchContext      0x6002'7d61     0x64  Code  Gb  tasks.o [1]
vsnprintf               0x6001'ba91     0x3c  Code  Gb  vsnprint.o [2]
wrapper_mqtt_check_state
                        0x6002'506f     0x1a  Code  Gb  iotx_mqtt_client.o [1]
wrapper_mqtt_connect    0x6002'4f27     0x48  Code  Gb  iotx_mqtt_client.o [1]
wrapper_mqtt_init       0x6002'4ef7     0x30  Code  Gb  iotx_mqtt_client.o [1]
wrapper_mqtt_publish    0x6002'52b7     0x8a  Code  Gb  iotx_mqtt_client.o [1]
wrapper_mqtt_release    0x6002'4f79     0xb6  Code  Gb  iotx_mqtt_client.o [1]
wrapper_mqtt_subscribe  0x6002'5089     0x80  Code  Gb  iotx_mqtt_client.o [1]
wrapper_mqtt_subscribe_sync
                        0x6002'5109    0x14e  Code  Gb  iotx_mqtt_client.o [1]
wrapper_mqtt_unsubscribe
                        0x6002'5257     0x60  Code  Gb  iotx_mqtt_client.o [1]
wrapper_mqtt_yield      0x6002'502f     0x40  Code  Gb  iotx_mqtt_client.o [1]
writeCString            0x6002'5a75     0x28  Code  Gb  MQTTPacket.o [1]
writeChar               0x6002'5a4b      0xc  Code  Gb  MQTTPacket.o [1]
writeInt                0x6002'5a57     0x1e  Code  Gb  MQTTPacket.o [1]
writeMQTTString         0x6002'5a9d     0x42  Code  Gb  MQTTPacket.o [1]
write_ssl               0x6002'5641     0x10  Code  Lc  infra_net.o [1]
x509_check_wildcard     0x6001'08cd     0x5e  Code  Lc  x509_crt.o [1]
x509_crt_check_cn       0x6001'0ce5     0x32  Code  Lc  x509_crt.o [1]
x509_crt_check_ee_locally_trusted
                        0x6001'0b31     0x40  Code  Lc  x509_crt.o [1]
x509_crt_check_parent   0x6001'0a41     0x48  Code  Lc  x509_crt.o [1]
x509_crt_check_signature
                        0x6001'09df     0x62  Code  Lc  x509_crt.o [1]
x509_crt_find_parent    0x6001'0aff     0x32  Code  Lc  x509_crt.o [1]
x509_crt_find_parent_in
                        0x6001'0a89     0x76  Code  Lc  x509_crt.o [1]
x509_crt_merge_flags_with_cb
                        0x6001'0da5     0x4a  Code  Lc  x509_crt.o [1]
x509_crt_parse_der_core
                        0x6000'fb19    0x298  Code  Lc  x509_crt.o [1]
x509_crt_verify_chain   0x6001'0b71    0x168  Code  Lc  x509_crt.o [1]
x509_crt_verify_name    0x6001'0d17     0x86  Code  Lc  x509_crt.o [1]
x509_crt_verifycrl      0x6001'0795    0x104  Code  Lc  x509_crt.o [1]
x509_date_is_valid      0x6001'ce19     0x8c  Code  Lc  x509.o [1]
x509_get_attr_type_value
                        0x6001'cca3     0xc8  Code  Lc  x509.o [1]
x509_get_basic_constraints
                        0x6000'f7b3     0x88  Code  Lc  x509_crt.o [1]
x509_get_crt_ext        0x6000'f9a1    0x178  Code  Lc  x509_crt.o [1]
x509_get_dates          0x6000'f729     0x4c  Code  Lc  x509_crt.o [1]
x509_get_ext_key_usage  0x6000'f8c1     0x24  Code  Lc  x509_crt.o [1]
x509_get_hash_alg       0x6001'ca7f     0x8a  Code  Lc  x509.o [1]
x509_get_key_usage      0x6000'f871     0x50  Code  Lc  x509_crt.o [1]
x509_get_ns_cert_type   0x6000'f83b     0x36  Code  Lc  x509_crt.o [1]
x509_get_subject_alt_name
                        0x6000'f8e5     0xbc  Code  Lc  x509_crt.o [1]
x509_get_uid            0x6000'f775     0x3e  Code  Lc  x509_crt.o [1]
x509_get_version        0x6000'f6e1     0x48  Code  Lc  x509_crt.o [1]
x509_info_cert_type     0x6000'ff9f    0x112  Code  Lc  x509_crt.o [1]
x509_info_ext_key_usage
                        0x6001'01e9     0x60  Code  Lc  x509_crt.o [1]
x509_info_key_usage     0x6001'00b9    0x130  Code  Lc  x509_crt.o [1]
x509_info_subject_alt_name
                        0x6000'ff3d     0x62  Code  Lc  x509_crt.o [1]
x509_memcasecmp         0x6001'0899     0x34  Code  Lc  x509_crt.o [1]
x509_name_cmp           0x6001'0983     0x5c  Code  Lc  x509_crt.o [1]
x509_parse_int          0x6001'cdd9     0x3e  Code  Lc  x509.o [1]
x509_parse_time         0x6001'cea5     0xba  Code  Lc  x509.o [1]
x509_profile_check_key  0x6000'f67d     0x64  Code  Lc  x509_crt.o [1]
x509_profile_check_md_alg
                        0x6000'f641     0x1e  Code  Lc  x509_crt.o [1]
x509_profile_check_pk_alg
                        0x6000'f65f     0x1e  Code  Lc  x509_crt.o [1]
x509_string_cmp         0x6001'092b     0x58  Code  Lc  x509_crt.o [1]
xActiveTimerList1       0x2001'5ff4     0x14  Data  Lc  timers.o [1]
xActiveTimerList2       0x2001'6008     0x14  Data  Lc  timers.o [1]
xBlockAllocatedBit      0x2001'5320      0x4  Data  Lc  heap_4.o [1]
xDelayedTaskList1       0x2001'5f58     0x14  Data  Lc  tasks.o [1]
xDelayedTaskList2       0x2001'5f6c     0x14  Data  Lc  tasks.o [1]
xEventGroupClearBits    0x6002'b007     0x46  Code  Gb  event_groups.o [1]
xEventGroupCreate       0x6002'aed1     0x1a  Code  Gb  event_groups.o [1]
xEventGroupSetBits      0x6002'b04d     0xa6  Code  Gb  event_groups.o [1]
xEventGroupSetBitsFromISR
                        0x6002'b151      0xc  Code  Gb  event_groups.o [1]
xEventGroupWaitBits     0x6002'aeeb    0x11c  Code  Gb  event_groups.o [1]
xFreeBytesRemaining     0x2001'5318      0x4  Data  Lc  heap_4.o [1]
xIdleTaskHandle         0x2001'5fec      0x4  Data  Lc  tasks.o [1]
xMinimumEverFreeBytesRemaining
                        0x2001'531c      0x4  Data  Lc  heap_4.o [1]
xNextTaskUnblockTime    0x2001'5fe8      0x4  Data  Lc  tasks.o [1]
xNumOfOverflows         0x2001'5fe0      0x4  Data  Lc  tasks.o [1]
xPendingReadyList       0x2001'5f88     0x14  Data  Lc  tasks.o [1]
xPortStartScheduler     0x6002'bd53     0xc8  Code  Gb  port.o [1]
xQueueCreateCountingSemaphore
                        0x6002'70b1     0x3c  Code  Gb  queue.o [1]
xQueueCreateMutex       0x6002'709b     0x16  Code  Gb  queue.o [1]
xQueueGenericCreate     0x6002'701f     0x46  Code  Gb  queue.o [1]
xQueueGenericReset      0x6002'6f91     0x8e  Code  Gb  queue.o [1]
xQueueGenericSend       0x6002'70ed    0x17c  Code  Gb  queue.o [1]
xQueueGenericSendFromISR
                        0x6002'7269     0xd0  Code  Gb  queue.o [1]
xQueueReceive           0x6002'7339    0x156  Code  Gb  queue.o [1]
xQueueRegistry          0x2001'5af4     0x40  Data  Gb  queue.o [1]
xQueueSemaphoreTake     0x6002'748f    0x196  Code  Gb  queue.o [1]
xSchedulerRunning       0x2001'5fd4      0x4  Data  Lc  tasks.o [1]
xStart                  0x2001'530c      0x8  Data  Lc  heap_4.o [1]
xSuspendedTaskList      0x2001'5fb4     0x14  Data  Lc  tasks.o [1]
xTaskCheckForTimeOut    0x6002'7fb1     0x7e  Code  Gb  tasks.o [1]
xTaskCreate             0x6002'783d     0x64  Code  Gb  tasks.o [1]
xTaskGetSchedulerState  0x6002'8139     0x20  Code  Gb  tasks.o [1]
xTaskGetTickCount       0x6002'7c7d      0x8  Code  Gb  tasks.o [1]
xTaskIncrementTick      0x6002'7c85     0xdc  Code  Gb  tasks.o [1]
xTaskPriorityDisinherit
                        0x6002'81f5     0xac  Code  Gb  tasks.o [1]
xTaskPriorityInherit    0x6002'8159     0x96  Code  Gb  tasks.o [1]
xTaskRemoveFromEventList
                        0x6002'7e89     0x7c  Code  Gb  tasks.o [1]
xTaskResumeAll          0x6002'7b9b     0xe2  Code  Gb  tasks.o [1]
xTasksWaitingTermination
                        0x2001'5f9c     0x14  Data  Lc  tasks.o [1]
xTickCount              0x2001'5fcc      0x4  Data  Lc  tasks.o [1]
xTimerCreateTimerTask   0x6002'bfdd     0x48  Code  Gb  timers.o [1]
xTimerGenericCommand    0x6002'c025     0x64  Code  Gb  timers.o [1]
xTimerPendFunctionCallFromISR
                        0x6002'c3b5     0x22  Code  Gb  timers.o [1]
xTimerQueue             0x2001'6024      0x4  Data  Lc  timers.o [1]
xTimerTaskHandle        0x2001'6028      0x4  Data  Lc  timers.o [1]
xYieldPending           0x2001'5fdc      0x4  Data  Lc  tasks.o [1]


[1] = C:\Development\gzkc_smart_nbiot\flexspi_nor_debug\obj
[2] = dl7M_tln.a
[3] = m7M_tlv.a
[4] = rt7M_tl.a
[5] = shb_l.a

  237 103 bytes of readonly  code memory
    2 436 bytes of readwrite code memory
   73 618 bytes of readonly  data memory
   97 167 bytes of readwrite data memory

Errors: none
Warnings: none
